Archive member included to satisfy reference by file (symbol)

../../../../cpu/br28/liba/cpu.a(crc16.c.o)
                              obj/Release/cpu/br28/setup.o (symbol from plugin) (__crc16_mutex_init)
../../../../cpu/br28/liba/cpu.a(uart.c.o)
                              obj/Release/cpu/br28/adc_api.o (symbol from plugin) (delay)
../../../../cpu/br28/liba/cpu.a(clock.c.o)
                              obj/Release/apps/adapter/common/init.o (symbol from plugin) (clock_set_pll_target_frequency)
../../../../cpu/br28/liba/cpu.a(gpio.c.o)
                              obj/Release/apps/common/device/usb/usb_config.o (symbol from plugin) (usb_iomode)
../../../../cpu/br28/liba/cpu.a(timer.c.o)
                              obj/Release/cpu/br28/charge.o (symbol from plugin) (udelay)
../../../../cpu/br28/liba/cpu.a(usb.c.o)
                              obj/Release/apps/common/device/usb/device/task_pc.o (symbol from plugin) (usb_sie_disable)
../../../../cpu/br28/liba/cpu.a(wdt.c.o)
                              obj/Release/cpu/br28/setup.o (symbol from plugin) (wdt_close)
../../../../cpu/br28/liba/cpu.a(efuse.c.o)
                              obj/Release/cpu/br28/charge.o (symbol from plugin) (get_vbat_trim)
../../../../cpu/br28/liba/cpu.a(debug.c.o)
                              obj/Release/cpu/br28/setup.o (symbol from plugin) (debug_init)
../../../../cpu/br28/liba/cpu.a(dma_copy.c.o)
                              debug.c.o (symbol from plugin) (dma_memcpy_wait_idle)
../../../../cpu/br28/liba/cpu.a(vm.c.o)
                              clock.c.o (symbol from plugin) (sfc_suspend)
../../../../cpu/br28/liba/cpu.a(hw_pmu_api.c.o)
                              clock.c.o (symbol from plugin) (hw_periph_exit_deepsleep)
../../../../cpu/br28/liba/cpu.a(lp_timer_hw.c.o)
                              hw_pmu_api.c.o (symbol from plugin) (__lp_timer_get_pass_time)
../../../../cpu/br28/liba/cpu.a(lrc_hw.c.o)
                              obj/Release/cpu/br28/pwm_led.o (symbol from plugin) (__get_lrc_hz)
../../../../cpu/br28/liba/cpu.a(p33.c.o)
                              obj/Release/cpu/br28/adc_api.o (symbol from plugin) (adc_pmu_ch_select)
../../../../cpu/br28/liba/cpu.a(power_hw.c.o)
                              obj/Release/cpu/br28/setup.o (symbol from plugin) (reset_source_dump)
../../../../cpu/br28/liba/cpu.a(power_wakeup.c.o)
                              power_hw.c.o (symbol from plugin) (p33_wakeup_irq_handler)
../../../../cpu/br28/liba/cpu.a(poweroff_reboot.c.o)
                              power_hw.c.o (symbol from plugin) (deepsleep_pre)
../../../../cpu/br28/liba/cpu.a(power_port.c.o)
                              power_wakeup.c.o (symbol from plugin) (WSIG_to_PANA)
../../../../cpu/br28/liba/cpu.a(pmu_debug.c.o)
                              power_hw.c.o (symbol from plugin) (config_p11_baud)
../../../../cpu/br28/liba/cpu.a(rtc.c.o)
                              power_hw.c.o (symbol from plugin) (poweroff_save_rtc_time)
../../../../cpu/br28/liba/cpu.a(power_trim.c.o)
                              obj/Release/cpu/br28/adc_api.o (symbol from plugin) (get_wvdd_trim_level)
../../../../cpu/br28/liba/cpu.a(lp_ipc.c.o)
                              power_hw.c.o (symbol from plugin) (msys_to_p11_common_cmd)
../../../../cpu/br28/liba/cpu.a(p33_io.c.o)
                              obj/Release/apps/adapter/common/init.o (symbol from plugin) (is_wakeup_source)
../../../../cpu/br28/liba/cpu.a(chargestore.c.o)
                              obj/Release/apps/adapter/power_manage/app_chargestore.o (symbol from plugin) (chargestore_api_write)
../../../../cpu/br28/liba/cpu.a(otg.c.o)
                              obj/Release/apps/common/device/usb/device/msd.o (symbol from plugin) (usb_otg_online)
../../../../cpu/br28/liba/cpu.a(usb_phy.c.o)
                              obj/Release/apps/common/device/usb/device/msd.o (symbol from plugin) (usb_g_bulk_read64byte_fast)
../../../../cpu/br28/liba/cpu.a(usb_setup.c.o)
                              obj/Release/apps/common/device/usb/device/msd.o (symbol from plugin) (usb_device2id)
../../../../cpu/br28/liba/cpu.a(descriptor.c.o)
                              usb_setup.c.o (symbol from plugin) (get_string_ee)
../../../../cpu/br28/liba/cpu.a(startup.S.o)
                              (_start)
../../../../cpu/br28/liba/cpu.a(encryption.c.o)
                              vm.c.o (symbol from plugin) (doe)
../../../../cpu/br28/liba/cpu.a(sfc_spi.c.o)
                              vm.c.o (symbol from plugin) (sfc1_flash_addr2cpu_addr)
../../../../cpu/br28/liba/cpu.a(cache.c.o)
                              poweroff_reboot.c.o (symbol from plugin) (DcuEnable)
../../../../cpu/br28/liba/system.a(os_task.c.o)
                              obj/Release/cpu/br28/audio_common/sound_pcm_demo.o (symbol from plugin) (os_taskq_post_msg)
../../../../cpu/br28/liba/system.a(os_api.c.o)
                              obj/Release/apps/adapter/common/init.o (symbol from plugin) (os_init)
[...]
Memory Configuration

Name             Origin             Length             Attributes
code0            0x06000100         0x00100000         xr
ram0             0x00100000         0x0009fb80         xrw
psr_ram          0x02000000         0x00800000         xrw
*default*        0x00000000         0xffffffff

Linker script and memory map

LOAD obj/Release/cpu/br28/adc_api.o
LOAD ..\..\..\..\cpu\br28\tools\sdk.elf.o
LOAD obj/Release/cpu/br28/audio_codec_clock.o
LOAD obj/Release/cpu/br28/audio_common/app_audio.o
LOAD obj/Release/cpu/br28/audio_common/sound_pcm_demo.o
LOAD obj/Release/cpu/br28/audio_effect/audio_dynamic_eq_demo.o
LOAD obj/Release/cpu/br28/audio_effect/audio_eff_default_parm.o
LOAD obj/Release/cpu/br28/audio_effect/audio_eq_drc_demo.o
LOAD obj/Release/cpu/br28/audio_effect/audio_gain_process_demo.o
LOAD obj/Release/cpu/br28/audio_effect/audio_noise_gate_demo.o
LOAD obj/Release/cpu/br28/audio_effect/audio_sound_track_2_p_x.o
LOAD obj/Release/cpu/br28/audio_effect/audio_surround_demo.o
LOAD obj/Release/cpu/br28/audio_effect/audio_vbass_demo.o
LOAD obj/Release/cpu/br28/audio_effect/audio_voice_changer_demo.o
LOAD obj/Release/cpu/br28/audio_effect/effects_adj.o
LOAD obj/Release/cpu/br28/audio_effect/eq_config.o
LOAD obj/Release/cpu/br28/audio_sound_dac.o
LOAD obj/Release/cpu/br28/audio_way/audio_app_stream.o
LOAD obj/Release/cpu/br28/audio_way/audio_way.o
LOAD obj/Release/cpu/br28/audio_way/audio_way_dac.o
LOAD obj/Release/cpu/br28/charge.o
LOAD obj/Release/cpu/br28/chargestore.o
LOAD obj/Release/cpu/br28/clock_manager.o
LOAD obj/Release/cpu/br28/hw_fft.o
LOAD obj/Release/cpu/br28/iic_hw.o
LOAD obj/Release/cpu/br28/iic_soft.o
LOAD obj/Release/cpu/br28/irflt.o
LOAD obj/Release/cpu/br28/lp_touch_key.o
LOAD obj/Release/cpu/br28/lp_touch_key_tool.o
LOAD obj/Release/cpu/br28/lua_port_api.o
LOAD obj/Release/cpu/br28/mcpwm.o
LOAD obj/Release/cpu/br28/overlay_code.o
LOAD obj/Release/cpu/br28/plcnt.o
LOAD obj/Release/cpu/br28/power_api.o
LOAD obj/Release/cpu/br28/pwm_led.o
LOAD obj/Release/cpu/br28/rdec.o
LOAD obj/Release/cpu/br28/setup.o
LOAD obj/Release/cpu/br28/spi.o
LOAD obj/Release/cpu/br28/uart_dev.o
LOAD obj/Release/cpu/br28/ui_driver/LED_HBS117/led_hbs117.o
LOAD obj/Release/cpu/br28/umidigi_chargestore.o
LOAD obj/Release/apps/common/audio/audio_digital_vol.o
LOAD obj/Release/apps/common/audio/audio_utils.o
LOAD obj/Release/apps/common/audio/sine_make.o
LOAD obj/Release/apps/common/audio/stream/stream_entry.o
LOAD obj/Release/apps/common/audio/stream/stream_eq_dccs.o
LOAD obj/Release/apps/common/audio/stream/stream_HighSampleRateMicSystem.o
LOAD obj/Release/apps/common/audio/stream/stream_llns.o
LOAD obj/Release/apps/common/audio/stream/stream_src.o
LOAD obj/Release/apps/common/audio/stream/stream_sync.o
LOAD obj/Release/apps/common/audio/uartPcmSender.o
LOAD obj/Release/apps/common/bt_common/bt_test_api.o
LOAD obj/Release/apps/common/config/app_config.o
LOAD obj/Release/apps/common/config/app_sound_box_tool.o
LOAD obj/Release/apps/common/config/bt_profile_config.o
LOAD obj/Release/apps/common/config/cfg_tool_share_osc_functions/cfg_tool_share_osc.o
LOAD obj/Release/apps/common/config/cfg_tool_share_osc_functions/cfg_tool_share_osc_single_io_send.o
LOAD obj/Release/apps/common/config/ci_transport_uart.o
LOAD obj/Release/apps/common/debug/debug.o
LOAD obj/Release/apps/common/debug/debug_lite.o
LOAD obj/Release/apps/common/dev_manager/dev_manager.o
LOAD obj/Release/apps/common/dev_manager/dev_reg.o
LOAD obj/Release/apps/common/dev_manager/dev_update.o
LOAD obj/Release/apps/common/device/key/adkey.o
LOAD obj/Release/apps/common/device/key/adkey_rtcvdd.o
LOAD obj/Release/apps/common/device/key/ctmu_touch_key.o
LOAD obj/Release/apps/common/device/key/iokey.o
LOAD obj/Release/apps/common/device/key/irkey.o
LOAD obj/Release/apps/common/device/key/key_driver.o
LOAD obj/Release/apps/common/device/key/rdec_key.o
LOAD obj/Release/apps/common/device/key/slidekey.o
LOAD obj/Release/apps/common/device/key/touch_key.o
LOAD obj/Release/apps/common/device/nandflash/nandflash.o
LOAD obj/Release/apps/common/device/ntc/ntc_det.o
LOAD obj/Release/apps/common/device/usb/device/cdc.o
LOAD obj/Release/apps/common/device/usb/device/custom_hid.o
LOAD obj/Release/apps/common/device/usb/device/descriptor.o
LOAD obj/Release/apps/common/device/usb/device/hid.o
LOAD obj/Release/apps/common/device/usb/device/msd.o
LOAD obj/Release/apps/common/device/usb/device/msd_upgrade.o
LOAD obj/Release/apps/common/device/usb/device/task_pc.o
LOAD obj/Release/apps/common/device/usb/device/uac1.o
LOAD obj/Release/apps/common/device/usb/device/uac_stream.o
LOAD obj/Release/apps/common/device/usb/device/usb_device.o
LOAD obj/Release/apps/common/device/usb/device/user_setup.o
LOAD obj/Release/apps/common/device/usb/host/adb.o
LOAD obj/Release/apps/common/device/usb/host/aoa.o
LOAD obj/Release/apps/common/device/usb/host/audio.o
LOAD obj/Release/apps/common/device/usb/host/audio_demo.o
LOAD obj/Release/apps/common/device/usb/host/hid.o
LOAD obj/Release/apps/common/device/usb/host/usb_bulk_transfer.o
LOAD obj/Release/apps/common/device/usb/host/usb_ctrl_transfer.o
LOAD obj/Release/apps/common/device/usb/host/usb_host.o
LOAD obj/Release/apps/common/device/usb/host/usb_storage.o
LOAD obj/Release/apps/common/device/usb/usb_config.o
LOAD obj/Release/apps/common/device/usb/usb_host_config.o
LOAD obj/Release/apps/common/fat_nor/nor_fs.o
LOAD obj/Release/apps/common/fat_nor/phone_rec_fs.o
LOAD obj/Release/apps/common/fat_nor/virfat_flash.o
LOAD obj/Release/apps/common/file_operate/file_api.o
LOAD obj/Release/apps/common/file_operate/file_bs_deal.o
LOAD obj/Release/apps/common/file_operate/file_manager.o
LOAD obj/Release/apps/common/iap/iAP_des.o
LOAD obj/Release/apps/common/iap/iAP_device.o
LOAD obj/Release/apps/common/iap/iAP_iic.o
LOAD obj/Release/apps/common/rec_nor/nor_interface.o
LOAD obj/Release/apps/common/rec_nor/nor_rec_fs.o
LOAD obj/Release/apps/common/recorder/recorder.o
LOAD obj/Release/apps/common/recorder/recorder_coder.o
LOAD obj/Release/apps/common/recorder/recorder_file.o
LOAD obj/Release/apps/common/test/board_test.o
LOAD obj/Release/apps/common/third_party_profile/jieli/le_client_demo.o
LOAD obj/Release/apps/common/third_party_profile/jieli/multi_demo/le_multi_client.o
LOAD obj/Release/apps/common/third_party_profile/jieli/multi_demo/le_multi_common.o
LOAD obj/Release/apps/common/third_party_profile/jieli/multi_demo/le_multi_trans.o
LOAD obj/Release/apps/common/third_party_profile/jieli/trans_data_demo/le_trans_data.o
LOAD obj/Release/apps/common/third_party_profile/jieli/wireless_mic/le_wireless_mic_client.o
LOAD obj/Release/apps/common/third_party_profile/jieli/wireless_mic/le_wireless_mic_server.o
LOAD obj/Release/apps/common/update/norflash_ufw_update.o
LOAD obj/Release/apps/common/update/norflash_update.o
LOAD obj/Release/apps/common/update/testbox_update.o
LOAD obj/Release/apps/common/update/uart_update.o
LOAD obj/Release/apps/common/update/uart_update_master.o
LOAD obj/Release/apps/common/update/update.o
LOAD obj/Release/apps/adapter/adapter_charge.o
LOAD obj/Release/apps/adapter/adapter_uart_demo.o
LOAD obj/Release/apps/adapter/app_key.o
LOAD obj/Release/apps/adapter/app_main.o
LOAD obj/Release/apps/adapter/app_main/wireless_mic_2t1/2t1_rx.o
LOAD obj/Release/apps/adapter/app_main/wireless_mic_2t1/2t1_rx_product_test.o
LOAD obj/Release/apps/adapter/audio/adapter_adc.o
LOAD obj/Release/apps/adapter/audio/adapter_audio_miceq.o
LOAD obj/Release/apps/adapter/audio/adapter_audio_musiceq.o
LOAD obj/Release/apps/adapter/audio/adapter_audio_stream.o
LOAD obj/Release/apps/adapter/audio/adapter_media.o
LOAD obj/Release/apps/adapter/audio/adapter_recorder.o
LOAD obj/Release/apps/adapter/audio/adapter_stream_demo.o
LOAD obj/Release/apps/adapter/audio/decoder/adapter_dec_dual_jla.o
LOAD obj/Release/apps/adapter/audio/decoder/adapter_dec_esco.o
LOAD obj/Release/apps/adapter/audio/decoder/adapter_dec_jla.o
LOAD obj/Release/apps/adapter/audio/decoder/adapter_dec_mic.o
LOAD obj/Release/apps/adapter/audio/decoder/adapter_dec_tone.o
LOAD obj/Release/apps/adapter/audio/decoder/adapter_dec_uac_spk.o
LOAD obj/Release/apps/adapter/audio/decoder/adapter_decoder.o
LOAD obj/Release/apps/adapter/audio/encoder/adapter_enc_esco.o
LOAD obj/Release/apps/adapter/audio/encoder/adapter_enc_sbc.o
LOAD obj/Release/apps/adapter/audio/encoder/adapter_enc_uac_mic.o
LOAD obj/Release/apps/adapter/audio/encoder/adapter_encoder.o
LOAD obj/Release/apps/adapter/audio/wireless/adapter_wireless_dec.o
LOAD obj/Release/apps/adapter/audio/wireless/adapter_wireless_enc.o
LOAD obj/Release/apps/adapter/bluetooth/ble/wl_mic_1t1_rx.o
LOAD obj/Release/apps/adapter/bluetooth/ble/wl_mic_1t1_tx.o
LOAD obj/Release/apps/adapter/bluetooth/ble/wl_mic_1tN_rx.o
LOAD obj/Release/apps/adapter/bluetooth/ble/wl_mic_1tN_tx.o
LOAD obj/Release/apps/adapter/common/bt_common/bt_edr_fun.o
LOAD obj/Release/apps/adapter/common/bt_common/bt_hci_event.o
LOAD obj/Release/apps/adapter/common/bt_common/bt_product_test.o
LOAD obj/Release/apps/adapter/common/bt_common/bt_status_event.o
LOAD obj/Release/apps/adapter/common/bt_common/dongle_1t2.o
LOAD obj/Release/apps/adapter/common/dev_status.o
LOAD obj/Release/apps/adapter/common/init.o
LOAD obj/Release/apps/adapter/common/task_table.o
LOAD obj/Release/apps/adapter/common/tone_table.o
LOAD obj/Release/apps/adapter/common/user_cfg.o
LOAD obj/Release/apps/adapter/duplex_mode_switch.o
LOAD obj/Release/apps/adapter/idev/adapter_idev.o
LOAD obj/Release/apps/adapter/idev/idev_bt/adapter_idev_bt.o
LOAD obj/Release/apps/adapter/idev/idev_bt/idev_ble/adapter_idev_ble.o
LOAD obj/Release/apps/adapter/idev/idev_bt/idev_ble/idev_ble_wireless.o
LOAD obj/Release/apps/adapter/idev/idev_mic/adapter_idev_mic.o
LOAD obj/Release/apps/adapter/idev/idev_usb/adapter_idev_usb.o
LOAD obj/Release/apps/adapter/idev/idev_usb/adapter_usb_hid.o
LOAD obj/Release/apps/adapter/log_config/app_config.o
LOAD obj/Release/apps/adapter/log_config/lib_btctrler_config.o
LOAD obj/Release/apps/adapter/log_config/lib_btstack_config.o
LOAD obj/Release/apps/adapter/log_config/lib_driver_config.o
LOAD obj/Release/apps/adapter/log_config/lib_media_config.o
LOAD obj/Release/apps/adapter/log_config/lib_system_config.o
LOAD obj/Release/apps/adapter/log_config/lib_update_config.o
LOAD obj/Release/apps/adapter/odev/adapter_odev.o
LOAD obj/Release/apps/adapter/odev/odev_bt/adapter_odev_bt.o
LOAD obj/Release/apps/adapter/odev/odev_bt/odev_ble/adapter_odev_ble.o
LOAD obj/Release/apps/adapter/odev/odev_bt/odev_ble/odev_ble_dongle.o
LOAD obj/Release/apps/adapter/odev/odev_bt/odev_ble/odev_ble_wireless.o
LOAD obj/Release/apps/adapter/odev/odev_bt/odev_edr/adapter_odev_edr.o
LOAD obj/Release/apps/adapter/odev/odev_dac/adapter_odev_dac.o
LOAD obj/Release/apps/adapter/odev/odev_usb/adapter_odev_usb.o
LOAD obj/Release/apps/adapter/power_manage/app_charge.o
LOAD obj/Release/apps/adapter/power_manage/app_chargestore.o
LOAD obj/Release/apps/adapter/power_manage/app_power_manage.o
LOAD obj/Release/apps/adapter/process/adapter_process.o
LOAD obj/Release/apps/adapter/rf_test.o
LOAD obj/Release/apps/adapter/ui/led/io_led.o
LOAD obj/Release/apps/adapter/ui_manage.o
LOAD obj/Release/apps/adapter/version.o
LOAD obj/Release/apps/adapter/board/br28/board_wireless_mic_2t1_rx/board_wireless_mic_2t1_rx.o
LOAD obj/Release/apps/adapter/board/br28/board_wireless_mic_2t1_rx/key_table/adkey_table.o
LOAD obj/Release/apps/adapter/board/br28/board_wireless_mic_2t1_rx/key_table/iokey_table.o
LOAD obj/Release/apps/adapter/board/br28/board_wireless_mic_2t1_rx/key_table/irkey_table.o
LOAD obj/Release/apps/adapter/board/br28/board_wireless_mic_2t1_rx/key_table/rdec_key_table.o
LOAD obj/Release/apps/adapter/board/br28/board_wireless_mic_2t1_rx/key_table/touch_key_table.o
LOAD obj/Release/apps/adapter/board/br28/undef_func.o
START GROUP
START GROUP
LOAD ../../../../cpu/br28/liba/cpu.a
LOAD ../../../../cpu/br28/liba/system.a
LOAD ../../../../cpu/br28/liba/libepmotion.a
LOAD ../../../../cpu/br28/liba/wtg_dec_lib.a
LOAD ../../../../cpu/br28/liba/sbc_eng_lib.a
LOAD ../../../../cpu/br28/liba/mp3tsy_dec_lib.a
LOAD ../../../../cpu/br28/liba/wtgv2_dec_lib.a
LOAD ../../../../cpu/br28/liba/flac_dec_lib.a
LOAD ../../../../cpu/br28/liba/ape_dec_lib.a
LOAD ../../../../cpu/br28/liba/m4a_tws_lib.a
LOAD ../../../../cpu/br28/liba/amr_dec_lib.a
LOAD ../../../../cpu/br28/liba/dts_dec_lib.a
LOAD ../../../../cpu/br28/liba/mp3_decstream_lib.a
LOAD ../../../../cpu/br28/liba/wma_decstream_lib.a
LOAD ../../../../cpu/br28/liba/libAptFilt_pi32v2_OnChip.a
LOAD ../../../../cpu/br28/liba/libEchoSuppress_pi32v2_OnChip.a
LOAD ../../../../cpu/br28/liba/libNoiseSuppress_pi32v2_OnChip.a
LOAD ../../../../cpu/br28/liba/libSplittingFilter_pi32v2_OnChip.a
LOAD ../../../../cpu/br28/liba/libDelayEstimate_pi32v2_OnChip.a
LOAD ../../../../cpu/br28/liba/libOpcore_maskrom_pi32v2_OnChip.a
LOAD ../../../../cpu/br28/liba/libFFT_pi32v2_OnChip.a
LOAD ../../../../cpu/br28/liba/compressor.a
LOAD ../../../../cpu/br28/liba/crossover_coff.a
LOAD ../../../../cpu/br28/liba/limiter.a
LOAD ../../../../cpu/br28/liba/lib_pitchshifter.a
LOAD ../../../../cpu/br28/liba/lib_pitch_speed.a
LOAD ../../../../cpu/br28/liba/lib_reverb_cal.a
LOAD ../../../../cpu/br28/liba/lib_mp2_code.a
LOAD ../../../../cpu/br28/liba/lib_adpcm_code.a
LOAD ../../../../cpu/br28/liba/mp3_enc_lib.a
LOAD ../../../../cpu/br28/liba/opus_enc_lib.a
LOAD ../../../../cpu/br28/liba/speex_enc_lib.a
LOAD ../../../../cpu/br28/liba/lib_rmono2stereo.a
LOAD ../../../../cpu/br28/liba/limiter_noiseGate.a
LOAD ../../../../cpu/br28/liba/howling.a
LOAD ../../../../cpu/br28/liba/noisegate.a
LOAD ../../../../cpu/br28/liba/shiftPhase.a
LOAD ../../../../cpu/br28/liba/pemafrow.a
LOAD ../../../../cpu/br28/liba/lib_howlings_phf.a
LOAD ../../../../cpu/br28/liba/lib_resample_cal.a
LOAD ../../../../cpu/br28/liba/lib_resample_fast_cal.a
LOAD ../../../../cpu/br28/liba/mp3_dec_lib.a
LOAD ../../../../cpu/br28/liba/wma_dec_lib.a
LOAD ../../../../cpu/br28/liba/wav_dec_lib.a
LOAD ../../../../cpu/br28/liba/agreement.a
LOAD ../../../../cpu/br28/liba/lib_sur_cal.a
LOAD ../../../../cpu/br28/liba/lib_vbass_cal.a
LOAD ../../../../cpu/br28/liba/loudness.a
LOAD ../../../../cpu/br28/liba/filtparam_cal_lib.a
LOAD ../../../../cpu/br28/liba/media_app.a
LOAD ../../../../cpu/br28/liba/aec.a
LOAD ../../../../cpu/br28/liba/bt_hash_enc.a
LOAD ../../../../cpu/br28/liba/rcsp_stack.a
LOAD ../../../../cpu/br28/liba/lib_usbaudio_plc.a
LOAD ../../../../cpu/br28/liba/coeff_calculate.a
LOAD ../../../../cpu/br28/liba/rms.a
LOAD ../../../../cpu/br28/liba/SpectrumShow.a
LOAD ../../../../cpu/br28/liba/gma_stack.a
LOAD ../../../../cpu/br28/liba/dueros_stack.a
LOAD ../../../../cpu/br28/liba/lib_adpcm_ima_code.a
LOAD ../../../../cpu/br28/liba/lib_midi_dec.a
LOAD ../../../../cpu/br28/liba/jla_codec_lib.a
LOAD ../../../../cpu/br28/liba/libjlsp.a
LOAD ../../../../cpu/br28/liba/libllns.a
LOAD ../../../../cpu/br28/liba/libHighSampleRateSingleMicSystem_pi32v2_OnChip.a
LOAD ../../../../cpu/br28/liba/btstack.a
LOAD ../../../../cpu/br28/liba/btctrler.a
LOAD ../../../../cpu/br28/liba/media.a
LOAD ../../../../cpu/br28/liba/update.a
LOAD ../../../../cpu/br28/liba/res.a
LOAD ../../../../cpu/br28/liba/ui_dot.a
LOAD ../../../../cpu/br28/liba/font.a
LOAD ../../../../cpu/br28/liba/crypto_toolbox_Ospeed.a
END GROUP
END GROUP
                0x0001fd6c                lp_signature_set = 0x1fd6c
                0x0001fd70                memmem = 0x1fd70
                0x0001fd74                memcpy = 0x1fd74
                0x0001fd78                memmove = 0x1fd78
                0x0001fd7c                memcmp = 0x1fd7c
                0x0001fd80                memset = 0x1fd80
                0x0001fd84                strcmp = 0x1fd84
                0x0001fd88                strcpy = 0x1fd88
                0x0001fd8c                strlen = 0x1fd8c
                0x0001fd90                strncmp = 0x1fd90
                0x0001fd94                strstr = 0x1fd94
                0x0001fd98                strchr = 0x1fd98
                0x0001fd9c                __divdi3 = 0x1fd9c
                0x0001fda0                __udivmoddi4 = 0x1fda0
                0x0001fda4                __adddf3 = 0x1fda4
                0x0001fda8                __fixdfsi = 0x1fda8
                0x0001fdac                flush_dcache = 0x1fdac
                0x0001fdb0                flushinv_dcache = 0x1fdb0
                0x0001fdb4                IcuWaitIdle = 0x1fdb4
                0x0001fdb8                DcuWaitIdle = 0x1fdb8
                0x0001fdbc                IcuInitial = 0x1fdbc
                0x0001fdc0                DcuInitial = 0x1fdc0
                0x0001fdcc                sfc_drop_cache = 0x1fdcc
                0x0001fdd0                chip_crc16 = 0x1fdd0
                0x0001fdd4                CrcDecode = 0x1fdd4
                0x0001fdd8                get_flash_file_key = 0x1fdd8
                0x0001fddc                dec_isd_cfg_ini = 0x1fddc
                0x0001fde0                _jlfs_mount = 0x1fde0
                0x0001fde4                sfc_boot = 0x1fde4
                0x0001fde8                mask_init = 0x1fde8
                0x0001fdf0                nvram_set_boot_state = 0x1fdf0
                0x0001fdf4                chip_reset = 0x1fdf4
                0x0001fdf8                the_debug_isr = 0x1fdf8
                0x0001fdfc                print = 0x1fdfc
                0x0001fe00                sprintf = 0x1fe00
                0x0001fe04                printf = 0x1fe04
                0x0001fe08                puts = 0x1fe08
                0x0001fe0c                doe = 0x1fe0c
                0x0001fe10                spi_get_port = 0x1fe10
                0x0001fe14                _pll_init = 0x1fe14
                0x0001fe18                flash_poweron = 0x1fe18
                0x0001fe1c                spi_unmount = 0x1fe1c
                0x0001fe20                spi_port_io_init = 0x1fe20
                0x0001fe24                usb_slave_mode = 0x1fe24
                0x0001fe28                LZ4_setStreamDecode = 0x1fe28
                0x0001fe2c                LZ4_decompress_safe_continue = 0x1fe2c
                0x0001fe30                LZ4_decompress_generic = 0x1fe30
                0x0001fe34                _sdk_mkey_lock = 0x1fe34
                0x0001fe38                g_hash_function = 0x1fe38
                0x0001fe3c                f1_hash_function = 0x1fe3c
                0x0001fe40                f2_hash_function = 0x1fe40
                0x0001fe44                f3_hash_function = 0x1fe44
                0x0001fe48                h2_hash_function = 0x1fe48
                0x0001fe4c                h3_hash_function = 0x1fe4c
                0x0001fe50                h4_hash_function = 0x1fe50
                0x0001fe54                h5_hash_function = 0x1fe54
                0x0001fe58                g_function = 0x1fe58
                0x0001fe5c                f1_function = 0x1fe5c
                0x0001fe60                f2_function = 0x1fe60
                0x0001fe64                f3_function = 0x1fe64
                0x0001fe68                sha256Compute = 0x1fe68
                0x0001fe6c                uECC_compute_public_key = 0x1fe6c
                0x0001fe70                uECC_shared_secret = 0x1fe70
                0x0001fe74                bi_initialize = 0x1fe74
                0x0001fe78                bi_read_from_byte = 0x1fe78
                0x0001fe7c                bi_poly_mod2 = 0x1fe7c
                0x0001fe80                bi_poly_mul = 0x1fe80
                0x0001fe84                trim = 0x1fe84
                0x0001fe88                bi_wirte_to_byte = 0x1fe88
                0x0001fe8c                bi_free = 0x1fe8c
                0x0001fe90                bi_terminate = 0x1fe90
                0x0001fe94                get_cvsd_codec_ops = 0x1fe94
                0x00018590                wtgv2_silk_NLSF_CB_NB_MB = 0x18590
                0x0001848c                wtgv2_LSFCosTab_FIX_Q12 = 0x1848c
                0x00018a88                icdf_global_table = 0x18a88
                0x0001fe98                get_wtgv2dec_ops = 0x1fe98
                0x0001fe9c                wtgv2_silk_Decode = 0x1fe9c
                0x0001fea0                wtgv2_silk_decode_frame = 0x1fea0
                0x0001fea4                wtgv2_silk_decoder_set_fs = 0x1fea4
                0x0001fea8                wtgv2_silk_decode_indices = 0x1fea8
                0x0001feac                wtgv2_silk_decode_pulses = 0x1feac
                0x0001feb0                wtgv2_silk_decode_parameters = 0x1feb0
                0x0001feb4                wtgv2_silk_decode_core = 0x1feb4
                0x0001feb8                logAprx_CORDIC_float = 0x1feb8
                0x0001febc                expAprx_CORDIC_float = 0x1febc
                0x0001fec0                magnAprx_float = 0x1fec0
                0x0001fec4                MatrixCopy_float_c_c = 0x1fec4
                0x0001fec8                MatrixCopy_float_f_f = 0x1fec8
                0x0001fecc                MatrixEwMulAndSumOneDim_float_c_c_c_s0 = 0x1fecc
                0x0001fed0                MatrixEwMulAndSumOneDim_float_c_c_c_s1 = 0x1fed0
                0x0001fed4                MatrixEwMulAndSumOneDim_float_f_f_f_s0 = 0x1fed4
                0x0001fed8                MatrixEwMulAndSumOneDim_float_f_f_f_s1 = 0x1fed8
                0x0001fedc                MatrixEwConjMulAndSumOneDim_float_c_c_c_s0 = 0x1fedc
                0x0001fee0                MatrixEwConjMulAndSumOneDim_float_c_c_c_s1 = 0x1fee0
                0x0001fee4                VecMeanSq_s16_f32 = 0x1fee4
                0x0001fee8                VecOverShift_s16_f32 = 0x1fee8
                0x0001feec                VecMinus_s16_f32_f32 = 0x1feec
                0x0001fef0                VectorCopy_f32_s16 = 0x1fef0
                0x0001fef4                VecEleMul_s16_s16_f32 = 0x1fef4
                0x0001fef8                VecEleMul_f32_s16_f32 = 0x1fef8
                0x0001fefc                VecMeanSq_float_f_f = 0x1fefc
                0x0001ff00                VectorSet_float_f_f = 0x1ff00
                0x0001ff04                VecMagRecAve_float_c_f_f = 0x1ff04
                0x0001ff08                VecMulScalar_float_c_f_c = 0x1ff08
                0x0001ff0c                VecConjEleMul_float_c_c_c = 0x1ff0c
                0x0001ff10                VecPlus_float_f_f_f = 0x1ff10
                0x0001ff14                VecDivide_float_c_f_c_f = 0x1ff14
                0x0001ff18                VecPlus_float_c_c_c = 0x1ff18
                0x0001ff1c                VecConjMulRecAve_float_c_c_c_f = 0x1ff1c
                0x0001ff20                VecGetMag_float_c_f = 0x1ff20
                0x0001ff24                VecMax_float_f_f = 0x1ff24
                0x0001ff28                VecRecAve_float_f_f_f = 0x1ff28
                0x0001ff2c                VecEleMul_float_f_f_f = 0x1ff2c
                0x0001ff30                VecMagAndDiv_float_c_f_f_f = 0x1ff30
                0x0001ff34                VecMin_float_f_f = 0x1ff34
                0x0001ff38                VecMinus_float_f_f_f = 0x1ff38
                0x0001ff3c                VecMean_float_f_f = 0x1ff3c
                0x0001ff40                VecEleMul_float_c_f_c = 0x1ff40
                0x0001ff44                VecMeanSqu_float_c_f = 0x1ff44
                0x0001ff48                VecCopy_float_f_f = 0x1ff48
                0x0001ff4c                VecMin_float_f_f_f = 0x1ff4c
                0x0001ff50                VecDivide_float_f_f_f_f = 0x1ff50
                0x0001ff54                VecCompBT_float_f_f_f = 0x1ff54
                0x0001ff58                VecCondCopy_float_f_f_f = 0x1ff58
                0x0001ff5c                VecMulScalar_float_f_f_f = 0x1ff5c
                0x0001ff60                VecPlusScalar_float_f_f_f = 0x1ff60
                0x0001ff64                VecMinScalar_float_f_f_f = 0x1ff64
                0x0001ff68                VecOpposite_float_f_f = 0x1ff68
                0x0001ff6c                VecEleMla_float_f_f_f = 0x1ff6c
                0x0001ff70                VecEleMla_float_c_c_c = 0x1ff70
                0x0001ff74                VecMinus_float_c_c_c = 0x1ff74
                0x0001ff78                VecDotProduct_float_f_f_f = 0x1ff78
                0x0001ff7c                VecDotProduct_float_c_c_c = 0x1ff7c
                0x0001ff80                VecDotProduct_float_c_f_c = 0x1ff80
                0x0001ff84                VecCopy_float_c_c = 0x1ff84
                0x0001ff88                VecCopy_float_f_c = 0x1ff88
                0x0001ff8c                VecConjDotProduct_float_c_c_c = 0x1ff8c
                0x0001ff90                VecNormalize_float_c_c_f = 0x1ff90
                0x0001ff94                VecRecAve_float_c_c_f = 0x1ff94
                0x0001ff98                VecOverlapShift_float_f_f_i = 0x1ff98
                0x0001ff9c                VecMax_float_f_f_f = 0x1ff9c
                0x0001ffa0                VecConjEwMulAndDiv_float_c_c_f_f_c = 0x1ffa0
                0x0001ffa4                VecPlusMulScalar_float_c_c_f_c = 0x1ffa4
                0x0001ffa8                VecCondCopy_float_c_i_c = 0x1ffa8
                0x0001ffac                VecEleMulAndDiv_float_f_f_f_f_f = 0x1ffac
                0x0001ffb0                VectorSet_float_f_c = 0x1ffb0
                0x0001ffb4                VecDivScalar_float_f_f_f = 0x1ffb4
                0x0001ffb8                VecDivScalar_float_c_f_c = 0x1ffb8
                0x0001ffbc                VecPlusScalar_float_c_f_c = 0x1ffbc
                0x0001ffc0                VecMinScalar_float_c_f_c = 0x1ffc0
                0x00019000                mdct_tab_256 = 0x19000
                0x00019200                mdct_tab_2048 = 0x19200
                0x0001a200                sine_long_1024 = 0x1a200
                0x0001b200                sine_short_128 = 0x1b200
                0x0001b400                kbd_long_1024 = 0x1b400
                0x0001c400                kbd_short_128 = 0x1c400
                0x0001c634                Huffmancb_SCL = 0x1c634
                0x0001c844                num_swb_960_window = 0x1c844
                0x0001c850                num_swb_1024_window = 0x1c850
                0x0001c85c                num_swb_128_window = 0x1c85c
                0x0001c868                swb_offset_1024_96 = 0x1c868
                0x0001c8bc                swb_offset_128_96 = 0x1c8bc
                0x0001c8d6                swb_offset_1024_64 = 0x1c8d6
                0x0001c936                swb_offset_128_64 = 0x1c936
                0x0001c950                swb_offset_1024_48 = 0x1c950
                0x0001c9b4                swb_offset_128_48 = 0x1c9b4
                0x0001c9d2                swb_offset_1024_32 = 0x1c9d2
                0x0001ca3a                swb_offset_1024_24 = 0x1ca3a
                0x0001ca9a                swb_offset_128_24 = 0x1ca9a
                0x0001caba                swb_offset_1024_16 = 0x1caba
                0x0001cb12                swb_offset_128_16 = 0x1cb12
                0x0001cb32                swb_offset_1024_8 = 0x1cb32
                0x0001cb84                swb_offset_128_8 = 0x1cb84
                0x0001cba4                swb_offset_1024_window = 0x1cba4
                0x0001cbd4                swb_offset_128_window = 0x1cbd4
                0x0001cc04                iq_table = 0x1cc04
                0x0001d008                tns_coef_0_3 = 0x1d008
                0x0001d048                tns_coef_0_4 = 0x1d048
                0x0001d088                tns_coef_1_3 = 0x1d088
                0x0001d0c8                tns_coef_1_4 = 0x1d0c8
                0x0001d108                pow05_table = 0x1d108
                0x0001d124                sample_rates = 0x1d124
                0x0001d154                pred_sfb_max = 0x1d154
                0x0001d160                tns_sbf_max = 0x1d160
                0x0001d1a0                Huffmancb_1 = 0x1d1a0
                0x0001d338                Huffmancb_2 = 0x1d338
                0x0001d470                Huffmancb_3 = 0x1d470
                0x0001d5a8                Huffmancb_4 = 0x1d5a8
                0x0001d6d8                Huffmancb_5 = 0x1d6d8
                0x0001d820                Huffmancb_6 = 0x1d820
                0x0001d960                Huffmancb_7 = 0x1d960
                0x0001da58                Huffmancb_8 = 0x1da58
                0x0001db50                Huffmancb_9 = 0x1db50
                0x0001ddf0                Huffmancb_10 = 0x1ddf0
                0x0001e080                Huffmancb_11 = 0x1e080
                0x0001e540                AACcodeBookDTable = 0x1e540
                0x0001c83c                AAC_SFHUFF_TAB = 0x1c83c
                0x0001ffc4                get_aac_ops = 0x1ffc4
                0x0001e5b8                silk_NLSF_CB_WB = 0x1e5b8
                0x0001ea5c                silk_LTP_vq_ptrs_Q7 = 0x1ea5c
                0x0001ffc8                get_opus_enc_ops = 0x1ffc8
                0x0001ffcc                opus_encode = 0x1ffcc
                0x0001ffd0                silk_Encode = 0x1ffd0
                0x0001ffd4                silk_encode_do_VAD_FIX = 0x1ffd4
                0x0001ffd8                silk_encode_frame_FIX = 0x1ffd8
                0x0001ffdc                silk_find_pitch_lags_FIX = 0x1ffdc
                0x0001ffe0                silk_noise_shape_analysis_FIX = 0x1ffe0
                0x0001ffe4                silk_find_pred_coefs_FIX = 0x1ffe4
                0x0001ffe8                silk_process_gains_FIX = 0x1ffe8
                0x0001ffec                silk_prefilter_FIX = 0x1ffec
                0x0001fff0                silk_NSQ_del_dec_c = 0x1fff0
                0x0001fff4                silk_encode_indices = 0x1fff4
                0x0001fff8                silk_encode_pulses = 0x1fff8
                0x0001fffc                silk_ana_filt_bank_1 = 0x1fffc
                0x00003804                STFT_Win_FixHalf_M512_D160 = 0x3804
                0x00003c04                STFT_Win_FixHalf_M256_D160 = 0x3c04
                0x00003e04                STFT_Win_FixHalf_M256_D80 = 0x3e04
                0x00004004                STFT_Win_FixHalf_M128_D80 = 0x4004
                0x00000004                WOLAAnalysisFilter_Float_M64_m4_r1 = 0x4
                0x00000404                WOLASynthesisFilter_Float_M64_m4_r1 = 0x404
                0x00000804                WOLAAnalysisFilter_Float_M128_m4_r1 = 0x804
                0x00001004                WOLASynthesisFilter_Float_M128_m4_r1 = 0x1004
                0x00001804                WOLAAnalysisFilter_Float_M256_m4_r1 = 0x1804
                0x00002804                WOLASynthesisFilter_Float_M256_m4_r1 = 0x2804
                0x00009914                quantize_intervals_LF = 0x9914
                0x00009a18                invert_quantize_dither_factors_LF = 0x9a18
                0x00009b1c                quantize_dither_factors_LF = 0x9b1c
                0x00009c20                quantize_factor_select_offset_LF = 0x9c20
                0x00009ca4                hd_quantize_intervals_LF = 0x9ca4
                0x0019fc28                boot_arg_list = 0x19fc28
                0x0019fe00                _IRQ_MEM_ADDR = 0x19fe00
                0x0019fc00                _MASK_MEM_BEGIN = 0x19fc00
                0x000001a4                _MASK_MEM_SIZE = 0x1a4
                0x00000080                UPDATA_SIZE = 0x80
                0x0019fb80                UPDATA_BEG = (_MASK_MEM_BEGIN - UPDATA_SIZE)
                0x001a0000                UPDATA_BREDR_BASE_BEG = 0x1a0000
                0x00100000                RAM_LIMIT_L = 0x100000
                0x0019fb80                RAM_LIMIT_H = UPDATA_BEG
                0x0009fb80                PHY_RAM_SIZE = (RAM_LIMIT_H - RAM_LIMIT_L)
                0x0019fe00                ISR_BASE = _IRQ_MEM_ADDR
                0x000001a4                ROM_RAM_SIZE = _MASK_MEM_SIZE
                0x0019fc00                ROM_RAM_BEG = _MASK_MEM_BEGIN
                0x00100000                RAM0_BEG = RAM_LIMIT_L
                0x0019fb80                RAM0_END = RAM_LIMIT_H
                0x0009fb80                RAM0_SIZE = (RAM0_END - RAM0_BEG)
                0x00100000                RAM1_BEG = RAM_LIMIT_L
                0x00100000                RAM1_END = RAM0_BEG
                0x00000000                RAM1_SIZE = (RAM1_END - RAM1_BEG)
                0x06000100                CODE_BEG = 0x6000100
                0x001a0600                EQ_PRIV_COEFF_BASE = 0x1a0600
                0x0000000a                EQ_PRIV_SECTION_NUM = 0xa
                0x001a0880                EQ_PRIV_COEFF_END = (EQ_PRIV_COEFF_BASE + (((0x4 * EQ_PRIV_SECTION_NUM) * 0x8) * 0x2))
                0x0000000a                EQ_SECTION_NUM = 0xa
                0x06000100                . = ORIGIN (code0)

.text           0x06000100    0x52408
                [!provide]                PROVIDE (text_rodata_begin, .)
 *(.startup.text)
 .startup.text  0x06000100       0xa4 ../../../../cpu/br28/liba/cpu.a(startup.S.o)
                0x06000100                _start
 *(.text)
 .text          0x060001a4    0x12aec ..\..\..\..\cpu\br28\tools\sdk.elf.o
                0x0600b5e8                __errno
                0x0600bc46                main
 .text          0x06012c90       0x28 C:\JL\pi32\pi32v2-lib\r3-large\libc.a(lib_a-strrchr.o)
                0x06012c90                strrchr
 .text          0x06012cb8       0x4c C:\JL\pi32\pi32v2-lib\r3-large\libcompiler-rt.a(floatsidf.o)
                0x06012cb8                __floatsidf
 .text          0x06012d04       0x34 C:\JL\pi32\pi32v2-lib\r3-large\libcompiler-rt.a(floatunsidf.o)
                0x06012d04                __floatunsidf
 .text          0x06012d38      0x2fa C:\JL\pi32\pi32v2-lib\r3-large\libcompiler-rt.a(muldf3.o)
                0x06012d6e                __muldf3
 .text          0x06013032        0xc C:\JL\pi32\pi32v2-lib\r3-large\libcompiler-rt.a(subdf3.o)
                0x06013032                __subdf3
 .text          0x0601303e       0x12 C:\JL\pi32\pi32v2-lib\r3-large\libcompiler-rt.a(udivdi3.o)
                0x0601303e                __udivdi3
                0x06013050                . = ALIGN (0x4)
                0x06013050                update_target_begin = .
                [!provide]                PROVIDE (update_target_begin, .)
 *(.update_target)
 .update_target
                0x06013050       0x18 ..\..\..\..\cpu\br28\tools\sdk.elf.o
                0x06013050                audio_update_target
                0x06013058                power_update_target
                0x06013060                ble_update_target
                0x06013068                update_target_end = .
                [!provide]                PROVIDE (update_target_end, .)
                0x06013068                . = ALIGN (0x4)
 *(.LOG_TAG_CONST*)
 *(.rodata*)
 .rodata.str1.1
                0x06013068      0x66c ..\..\..\..\cpu\br28\tools\sdk.elf.o
                                0x691 (size before relaxing)
 *fill*         0x060136d4        0xc 
 .rodata        0x060136e0     0x1b18 ..\..\..\..\cpu\br28\tools\sdk.elf.o
 .rodata.cst4   0x060151f8        0xc ..\..\..\..\cpu\br28\tools\sdk.elf.o
 .rodata.cst32  0x06015204       0x20 ..\..\..\..\cpu\br28\tools\sdk.elf.o
 .rodata.cst8   0x06015224        0x8 ..\..\..\..\cpu\br28\tools\sdk.elf.o
 .rodata.cst16  0x0601522c       0x10 ..\..\..\..\cpu\br28\tools\sdk.elf.o
                0x0601523c                . = ALIGN (0x4)
                [!provide]                PROVIDE (text_rodata_end, .)
                0x0601523c                clock_critical_handler_begin = .
 *(.clock_critical_txt)
 .clock_critical_txt
                0x0601523c       0x30 ..\..\..\..\cpu\br28\tools\sdk.elf.o
                0x0601523c                clock_chargestore
                0x06015244                clock_mcpwm
                0x0601524c                clock_uart
                0x06015254                clock_timer
                0x0601525c                clock_lrc
                0x06015264                clock_port
                0x0601526c                clock_critical_handler_end = .
                0x0601526c                chargestore_handler_begin = .
 *(.chargestore_callback_txt)
                0x0601526c                chargestore_handler_end = .
 *(.opcore_table_maskrom)
 *(.bfilt_table_maskroom)
 *(.opcore_maskrom)
 *(.bfilt_code)
 .bfilt_code    0x0601526c      0x358 ..\..\..\..\cpu\br28\tools\sdk.elf.o
 *(.bfilt_const)
                0x060155c4                . = ALIGN (0x4)
                0x060155c4                lcd_interface_begin = .
 *(.lcd_if_info)
                0x060155c4                lcd_interface_end = .
                0x060155c4                ui_style_begin = .
 *(.ui_style)
                0x060155c4                ui_style_end = .
                0x060155c4                elm_event_handler_begin_JL = .
 *(.elm_event_handler_JL)
                0x060155c4                elm_event_handler_end_JL = .
                0x060155c4                elm_event_handler_begin_UPGRADE = .
 *(.elm_event_handler_UPGRADE)
                0x060155c4                elm_event_handler_end_UPGRADE = .
                0x060155c4                elm_event_handler_begin_DIAL = .
 *(.elm_event_handler_DIAL)
                0x060155c4                elm_event_handler_end_DIAL = .
                0x060155c4                control_event_handler_begin = .
 *(.control_event_handler)
                0x060155c4                control_event_handler_end = .
                0x060155c4                control_ops_begin = .
 *(.control_ops)
                0x060155c4                control_ops_end = .
                0x060155c4                battery_notify_begin = .
 *(.battery_notify)
                0x060155c4                battery_notify_end = .
                0x060155c4                . = ALIGN (0x4)
                0x060155c4                __VERSION_BEGIN = .
 *(.sys.version)
                0x060155c4                __VERSION_END = .
 *(.noop_version)
                0x060155c4                . = ALIGN (0x4)
                0x060155c4                . = ALIGN (0x4)
                0x060155c4                tool_interface_begin = .
 *(.tool_interface)
 .tool_interface
                0x060155c4        0x8 ..\..\..\..\cpu\br28\tools\sdk.elf.o
                0x060155cc                tool_interface_end = .
                0x060155cc                . = ALIGN (0x4)
                0x060155cc                cmd_interface_begin = .
 *(.eff_cmd)
 .eff_cmd       0x060155cc      0x370 ..\..\..\..\cpu\br28\tools\sdk.elf.o
                0x060155cc                adc_pga_p
                0x060155dc                an_Eq
                0x060155ec                an_drc
                0x060155fc                aw_Eq
                0x0601560c                aw_drc
                0x0601561c                change_mode
                0x0601562c                dac_pga_p
                0x0601563c                dyeq
                0x0601564c                echo
                0x0601565c                file_p
                0x0601566c                file_s
                0x0601567c                howling_ps
                0x0601568c                inquire
                0x0601569c                linein_drc
                0x060156ac                linein_eq
                0x060156bc                lowpass_p
                0x060156cc                m_cross
                0x060156dc                m_whole_drc
                0x060156ec                mh_drc
                0x060156fc                micDrc0
                0x0601570c                micDrc1
                0x0601571c                micDrc2
                0x0601572c                micDrc3
                0x0601573c                micDrc4
                0x0601574c                micEq0
                0x0601575c                micEq1
                0x0601576c                micEq2
                0x0601577c                micEq3
                0x0601578c                micEq4
                0x0601579c                mic_g
                0x060157ac                mic_mix_gain
                0x060157bc                mic_voice_changer
                0x060157cc                ml_drc
                0x060157dc                mm_drc
                0x060157ec                music_eq
                0x060157fc                music_eq2
                0x0601580c                music_g
                0x0601581c                music_hbass_drc
                0x0601582c                music_hbass_eq
                0x0601583c                music_ns_gate
                0x0601584c                music_rl_eq
                0x0601585c                music_rl_g
                0x0601586c                noisegate
                0x0601587c                notch_howling
                0x0601588c                p_reverb
                0x0601589c                ph_Eq
                0x060158ac                ph_drc
                0x060158bc                pn_Eq
                0x060158cc                pw_drc
                0x060158dc                resync_begin
                0x060158ec                resync_end
                0x060158fc                rl_drc_p
                0x0601590c                vbass_h
                0x0601591c                vbass_prev_g
                0x0601592c                version
                0x0601593c                cmd_interface_end = .
                0x0601593c                . = ALIGN (0x4)
                0x06015940                . = ALIGN (0x20)
 *fill*         0x0601593c        0x4 
                0x06015940                m_code_addr = .
 *(.m.code*)
 *(.movable.code*)
                0x00000000                m_code_size = ABSOLUTE ((. - m_code_addr))
                0x06015940                . = ALIGN (0x20)
                0x06015940                gsensor_dev_begin = .
 *(.gsensor_dev)
                0x06015940                gsensor_dev_end = .
                0x06015940                fm_dev_begin = .
 *(.fm_dev)
                0x06015940                fm_dev_end = .
                0x06015940                fm_emitter_dev_begin = .
 *(.fm_emitter_dev)
                0x06015940                fm_emitter_dev_end = .
                0x06015940                storage_device_begin = .
 *(.storage_device)
                0x06015940                storage_device_end = .
                0x06015940                p11_event_handler_begin = .
 *(.p11_irq_handler)
                0x06015940                p11_event_handler_end = .
                0x06015940                . = ALIGN (0x4)
                0x06015940                adapter_idev_begin = .
 *(.adapter_idev)
 .adapter_idev  0x06015940       0x48 ..\..\..\..\cpu\br28\tools\sdk.elf.o
                0x06015940                adapter_idev_bt
                0x06015958                adapter_idev_mic
                0x06015970                adapter_idev_usb
                0x06015988                adapter_idev_end = .
                0x06015988                . = ALIGN (0x4)
                0x06015988                adapter_odev_begin = .
 *(.adapter_odev)
 .adapter_odev  0x06015988       0x84 ..\..\..\..\cpu\br28\tools\sdk.elf.o
                0x06015988                adapter_odev_bt
                0x060159b4                adapter_odev_dac
                0x060159e0                adapter_odev_usb
                0x06015a0c                adapter_odev_end = .
                0x06015a0c                . = ALIGN (0x4)
                0x06015a0c                adapter_enc_begin = .
 *(.adapter_enc)
                0x06015a0c                adapter_enc_end = .
                0x06015a0c                . = ALIGN (0x4)
                0x06015a0c                adapter_decoder_begin = .
 *(.adapter_decoder)
 .adapter_decoder
                0x06015a0c       0x50 ..\..\..\..\cpu\br28\tools\sdk.elf.o
                0x06015a0c                decoder_dual_jla
                0x06015a20                decoder_esco
                0x06015a34                decoder_jla
                0x06015a48                decoder_mic
                0x06015a5c                adapter_decoder_end = .
                0x06015a5c                . = ALIGN (0x4)
                0x06015a5c                adapter_encoder_begin = .
 *(.adapter_encoder)
 .adapter_encoder
                0x06015a5c       0x40 ..\..\..\..\cpu\br28\tools\sdk.elf.o
                0x06015a5c                adapter_enc_esco
                0x06015a6c                adapter_enc_sbc
                0x06015a7c                enc_uac_mic
                0x06015a8c                adapter_enc_wireless
                0x06015a9c                adapter_encoder_end = .
                0x06015aa0                . = ALIGN (0x20)
 *fill*         0x06015a9c        0x4 
                0x06015aa0                update_code_start = .
 *(.bt_updata_ram_code)
 .bt_updata_ram_code
                0x06015aa0       0x9a ..\..\..\..\cpu\br28\tools\sdk.elf.o
 *(.update_const)
 *fill*         0x06015b3a        0x2 
 .update_const  0x06015b3c      0x15e ..\..\..\..\cpu\br28\tools\sdk.elf.o
 *(.update_code)
 .update_code   0x06015c9a     0x10e2 ..\..\..\..\cpu\br28\tools\sdk.elf.o
                0x06016d7c                update_code_end = .
                0x06016d7c                btstack_code_start = .
                0x06016d7c                . = ALIGN (0x4)
                0x06016d7c                a2dp_source_media_codec_begin = .
 *(.a2dp_source_media_codec)
 .a2dp_source_media_codec
                0x06016d7c       0x30 ..\..\..\..\cpu\br28\tools\sdk.elf.o
                0x06016d7c                a2dp_source_jla_codec
                0x06016d94                a2dp_source_sbc_codec
                0x06016dac                a2dp_source_media_codec_end = .
                0x06016dac                a2dp_sink_media_probe_begin = .
 *(.a2dp_sink_media_probe)
                0x06016dac                a2dp_sink_media_probe_end = .
                0x06016dac                a2dp_sink_media_codec_begin = .
 *(.a2dp_sink_media_codec)
 .a2dp_sink_media_codec
                0x06016dac       0x30 ..\..\..\..\cpu\br28\tools\sdk.elf.o
                0x06016dac                a2dp_1sbc_codec_private
                0x06016dc4                a2dp_2aac_sink_codec
                0x06016ddc                a2dp_sink_media_codec_end = .
                0x06016ddc                a2dp_event_handler_begin = .
 *(.a2dp_event_handler)
 .a2dp_event_handler
                0x06016ddc       0x70 ..\..\..\..\cpu\br28\tools\sdk.elf.o
                0x06016ddc                a2dp_sink_event_handler
                0x06016df8                a2dp_source_event_handler
                0x06016e14                acp_a2dp_event_handler
                0x06016e30                acp_a2dp_src_event_handler
                0x06016e4c                a2dp_event_handler_end = .
                0x06016e4c                sdp_record_item_begin = .
 *(.sdp_record_item)
                0x06016e4c                sdp_record_item_end = .
                0x06016e4c                bt_sleep_begin = .
 *(.bt_sleep)
 .bt_sleep      0x06016e4c       0x6c ..\..\..\..\cpu\br28\tools\sdk.elf.o
                0x06016e4c                bt_suspend_a2dp_resumea2dp_release
                0x06016e58                bt_suspend_avctp_resumeavctp_release
                0x06016e64                bt_suspend_hfp_resumehfp_release
                0x06016e70                bt_suspend_user_cmd_loop_resumeuser_cmd_loop_release
                0x06016e7c                bt_suspend_hid_resumehid_release
                0x06016e88                bt_suspend_spp_resumespp_release
                0x06016e94                bt_suspend_spp_up_resumespp_up_release
                0x06016ea0                bt_suspend_iap_resumeiap_release
                0x06016eac                bt_suspend_sdp_resumesdp_release
                0x06016eb8                bt_sleep_end = .
 *(.bt_stack_const)
 .bt_stack_const
                0x06016eb8      0x17c ..\..\..\..\cpu\br28\tools\sdk.elf.o
 *(.bt_stack_code)
 .bt_stack_code
                0x06017034     0x785e ..\..\..\..\cpu\br28\tools\sdk.elf.o
 *(.ble_db_const)
 *(.ble_db_code)
 .ble_db_code   0x0601e892      0x1a0 ..\..\..\..\cpu\br28\tools\sdk.elf.o
 *(.ble_sm_const)
 *fill*         0x0601ea32        0x2 
 .ble_sm_const  0x0601ea34       0x73 ..\..\..\..\cpu\br28\tools\sdk.elf.o
 *(.ble_sm_code)
 *fill*         0x0601eaa7        0x1 
 .ble_sm_code   0x0601eaa8     0x2050 ..\..\..\..\cpu\br28\tools\sdk.elf.o
 *(.ble_att_const)
 *(.ble_att_code)
 .ble_att_code  0x06020af8       0xfa ..\..\..\..\cpu\br28\tools\sdk.elf.o
 *(.ble_gatt_const)
 *(.ble_gatt_code)
 .ble_gatt_code
                0x06020bf2     0x1598 ..\..\..\..\cpu\br28\tools\sdk.elf.o
                0x0602218a                BTSTACK_LE_HOST_MESH_CODE_START = .
 *(.ble_mesh_code)
 *(.ble_mesh_tinycrypt_code)
 *(.ble_mesh_const)
 *(.ble_mesh_tinycrypt_const)
                0x00000000                BTSTACK_LE_HOST_MESH_CODE_SIZE = ABSOLUTE ((. - BTSTACK_LE_HOST_MESH_CODE_START))
                0x0602218a                btstack_code_end = .
                0x0602218c                . = ALIGN (0x4)
 *fill*         0x0602218a        0x2 
                0x0602218c                . = ALIGN (0x4)
                0x0602218c                system_text_start = .
                0x0602218c                _device_node_begin = .
                0x0602218c                PROVIDE (device_node_begin, .)
 *(.device)
 .device        0x0602218c        0xc ..\..\..\..\cpu\br28\tools\sdk.elf.o
                0x0602218c                device_table
                0x06022198                _device_node_end = .
                0x06022198                PROVIDE (device_node_end, .)
                0x06022198                config_target_begin = .
                [!provide]                PROVIDE (config_target_begin, .)
 *(.config_target)
                0x06022198                config_target_end = .
                [!provide]                PROVIDE (config_target_end, .)
                0x06022198                system_code_begin = .
 *(.system.*.text)
 .system.fs.text
                0x06022198     0x15f6 ..\..\..\..\cpu\br28\tools\sdk.elf.o
 .system.cpu.text
                0x0602378e      0x9b8 ..\..\..\..\cpu\br28\tools\sdk.elf.o
 .system.device.text
                0x06024146       0xd0 ..\..\..\..\cpu\br28\tools\sdk.elf.o
 .system.timer.text
                0x06024216      0x7f0 ..\..\..\..\cpu\br28\tools\sdk.elf.o
 .system.cfg_tool.text
                0x06024a06      0x6ea ..\..\..\..\cpu\br28\tools\sdk.elf.o
 .system.cbuf.text
                0x060250f0      0x214 ..\..\..\..\cpu\br28\tools\sdk.elf.o
 .system.event.text
                0x06025304      0x37c ..\..\..\..\cpu\br28\tools\sdk.elf.o
 .system.lbuf.text
                0x06025680      0x3bc ..\..\..\..\cpu\br28\tools\sdk.elf.o
 .system.task.text
                0x06025a3c       0x74 ..\..\..\..\cpu\br28\tools\sdk.elf.o
 .system.ascii.text
                0x06025ab0       0x8a ..\..\..\..\cpu\br28\tools\sdk.elf.o
 .system.app_core.text
                0x06025b3a       0x7e ..\..\..\..\cpu\br28\tools\sdk.elf.o
 .system.printf.text
                0x06025bb8       0x62 ..\..\..\..\cpu\br28\tools\sdk.elf.o
 .system.init.text
                0x06025c1a       0x8c ..\..\..\..\cpu\br28\tools\sdk.elf.o
                0x06025c1a                boot_info_init
                0x06025c44                cpu1_main
                0x06025ca6                system_code_end = .
                0x06025ca8                . = ALIGN (0x4)
 *fill*         0x06025ca6        0x2 
                0x00003b0e                system_code_size = (system_code_end - system_code_begin)
                0x06025ca8                vfs_ops_begin = .
 *(.vfs_operations)
 .vfs_operations
                0x06025ca8       0x74 ..\..\..\..\cpu\br28\tools\sdk.elf.o
                0x06025ca8                sdfile_vfs_ops
                0x06025d1c                vfs_ops_end = .
                0x06025d1c                _lib_version_begin = .
                [!provide]                PROVIDE (lib_version_begin, .)
 *(.lib_version)
 .lib_version   0x06025d1c        0xc ..\..\..\..\cpu\br28\tools\sdk.elf.o
                0x06025d1c                __version_sdfile
                0x06025d20                __version_fs
                0x06025d24                __version_fatfs
                0x06025d28                _lib_version_end = .
                [!provide]                PROVIDE (lib_version_end, .)
                0x06025d28                _initcall_begin = .
                0x06025d28                PROVIDE (initcall_begin, .)
 *(.initcall)
 .initcall      0x06025d28       0x24 ..\..\..\..\cpu\br28\tools\sdk.elf.o
                0x06025d28                __initcall_audio_dynamic_eq_init
                0x06025d2c                __initcall_eff_init
                0x06025d30                __initcall_app_update_init
                0x06025d34                __initcall_app_chargestore_init
                0x06025d38                __initcall_audio_gain_init
                0x06025d3c                __initcall_ns_init
                0x06025d40                __initcall_audio_drc_lib_init
                0x06025d44                __initcall_audio_voice_changer_init
                0x06025d48                __initcall_audio_eq_lib_init
                0x06025d4c                _initcall_end = .
                0x06025d4c                PROVIDE (initcall_end, .)
                0x06025d4c                _early_initcall_begin = .
                0x06025d4c                PROVIDE (early_initcall_begin, .)
 *(.early.initcall)
 .early.initcall
                0x06025d4c        0x8 ..\..\..\..\cpu\br28\tools\sdk.elf.o
                0x06025d4c                __initcall_sys_event_init
                0x06025d50                __initcall_sdfile_init
                0x06025d54                _early_initcall_end = .
                0x06025d54                PROVIDE (early_initcall_end, .)
                0x06025d54                _late_initcall_begin = .
                0x06025d54                PROVIDE (late_initcall_begin, .)
 *(.late.initcall)
 .late.initcall
                0x06025d54        0xc ..\..\..\..\cpu\br28\tools\sdk.elf.o
                0x06025d54                __initcall_apple_dock_init
                0x06025d58                __initcall_check_otp_data
                0x06025d5c                __initcall_sdk_meky_check
                0x06025d60                _late_initcall_end = .
                0x06025d60                PROVIDE (late_initcall_end, .)
                0x06025d60                _platform_initcall_begin = .
                0x06025d60                PROVIDE (platform_initcall_begin, .)
 *(.platform.initcall)
 .platform.initcall
                0x06025d60        0x4 ..\..\..\..\cpu\br28\tools\sdk.elf.o
                0x06025d60                __initcall_syscfg_tools_init
                0x06025d64                _platform_initcall_end = .
                0x06025d64                PROVIDE (platform_initcall_end, .)
                0x06025d64                _module_initcall_begin = .
                0x06025d64                PROVIDE (module_initcall_begin, .)
 *(.module.initcall)
                0x06025d64                _module_initcall_end = .
                0x06025d64                PROVIDE (module_initcall_end, .)
                0x06025d64                _sys_event_handler_begin = .
                0x06025d64                PROVIDE (sys_event_handler_begin, .)
 *(.sys_event.4.handler)
 .sys_event.4.handler
                0x06025d64        0x8 ..\..\..\..\cpu\br28\tools\sdk.elf.o
                0x06025d64                __event_handler_bt_tws_event_handler
 *(.sys_event.3.handler)
 .sys_event.3.handler
                0x06025d6c        0x8 ..\..\..\..\cpu\br28\tools\sdk.elf.o
                0x06025d6c                __event_handler_app_key_event_remap
 *(.sys_event.2.handler)
 *(.sys_event.1.handler)
 *(.sys_event.0.handler)
 .sys_event.0.handler
                0x06025d74        0x8 ..\..\..\..\cpu\br28\tools\sdk.elf.o
                0x06025d74                __event_handler_app_sys_event_probe_handler
                0x06025d7c                _sys_event_handler_end = .
                0x06025d7c                PROVIDE (sys_event_handler_end, .)
                0x06025d7c                _syscfg_arg_begin = .
                [!provide]                PROVIDE (syscfg_arg_begin, .)
 *(.syscfg.arg)
                0x06025d7c                _syscfg_arg_end = .
                [!provide]                PROVIDE (syscfg_arg_end, .)
                0x06025d7c                _syscfg_handler_begin = .
                [!provide]                PROVIDE (syscfg_handler_begin, .)
 *(.syscfg.handler)
                0x06025d7c                _syscfg_handler_end = .
                [!provide]                PROVIDE (syscfg_handler_end, .)
                0x06025d7c                _syscfg_ops_begin = .
                0x06025d7c                PROVIDE (syscfg_ops_begin, .)
 *(.syscfg.2.ops)
 .syscfg.2.ops  0x06025d7c       0x1c ..\..\..\..\cpu\br28\tools\sdk.elf.o
                0x06025d7c                cfg_btif
 *(.syscfg.1.ops)
 .syscfg.1.ops  0x06025d98       0x1c ..\..\..\..\cpu\br28\tools\sdk.elf.o
                0x06025d98                cfg_vm
 *(.syscfg.0.ops)
 .syscfg.0.ops  0x06025db4       0x1c ..\..\..\..\cpu\br28\tools\sdk.elf.o
                0x06025db4                cfg_bin
                0x06025dd0                _syscfg_ops_end = .
                0x06025dd0                PROVIDE (syscfg_ops_end, .)
                0x06025dd0                _server_info_begin = .
                [!provide]                PROVIDE (server_info_begin, .)
 *(.server_info)
                0x06025dd0                _server_info_end = .
                [!provide]                PROVIDE (server_info_end, .)
                0x06025dd0                _bus_device_begin = .
                [!provide]                PROVIDE (bus_device_begin, .)
 *(.bus_device)
                0x06025dd0                _bus_device_end = .
                [!provide]                PROVIDE (bus_device_end, .)
                0x06025dd0                _sys_power_hal_ops_begin = .
                [!provide]                PROVIDE (sys_power_hal_ops_begin, .)
 *(.sys_power_hal_ops)
                0x06025dd0                _sys_power_hal_ops_end = .
                [!provide]                PROVIDE (sys_power_hal_ops_end, .)
                0x06025dd0                . = ALIGN (0x4)
                0x06025dd0                lp_target_begin = .
                [!provide]                PROVIDE (lp_target_begin, .)
 *(.lp_target)
 .lp_target     0x06025dd0       0x78 ..\..\..\..\cpu\br28\tools\sdk.elf.o
                0x06025dd0                effect_adj_lp_target
                0x06025ddc                bt_test_lp_target
                0x06025de8                key_lp_target
                0x06025df4                multi_client_target
                0x06025e00                ota_lp_target
                0x06025e0c                phone_incom_lp_target
                0x06025e18                __wakeup_is_idle_target
                0x06025e24                usb_dev_lp_target
                0x06025e30                usr_systimer_lp_target
                0x06025e3c                btstack_lowpower_target
                0x06025e48                lp_target_end = .
                [!provide]                PROVIDE (lp_target_end, .)
                0x06025e48                . = ALIGN (0x4)
                0x06025e48                deepsleep_target_begin = .
                [!provide]                PROVIDE (deepsleep_target_begin, .)
 *(.deepsleep_target)
 .deepsleep_target
                0x06025e48       0x54 ..\..\..\..\cpu\br28\tools\sdk.elf.o
                0x06025e48                rdec
                0x06025e54                uart
                0x06025e60                clock_sfc
                0x06025e6c                tmr
                0x06025e78                vm_sfc
                0x06025e84                periph
                0x06025e90                bt
                0x06025e9c                deepsleep_target_end = .
                [!provide]                PROVIDE (deepsleep_target_end, .)
                0x06025e9c                crypto_begin = .
 *(.crypto_ecdh_code)
 *(.crypto_ecdh_const)
 *(.crypto_bigint_code)
 .crypto_bigint_code
                0x06025e9c      0x452 ..\..\..\..\cpu\br28\tools\sdk.elf.o
 *(.crypto_bigint_const)
 *(.crypto_code)
 .crypto_code   0x060262ee      0x4f0 ..\..\..\..\cpu\br28\tools\sdk.elf.o
 *(.crypto_const)
 *fill*         0x060267de        0x2 
 .crypto_const  0x060267e0      0x171 ..\..\..\..\cpu\br28\tools\sdk.elf.o
 *(.ECDH_sample_code)
 *(.ECDH_sample_const)
 *(.uECC_code)
 *fill*         0x06026951        0x1 
 .uECC_code     0x06026952      0xa7a ..\..\..\..\cpu\br28\tools\sdk.elf.o
 *(.uECC_const)
 *(.hmac_code)
 .hmac_code     0x060273cc      0x4d0 ..\..\..\..\cpu\br28\tools\sdk.elf.o
 *(.hmac_const)
 *(.hash_sample_code)
 *(.hash_sample_const)
 *(.aes_cmac_sample_code)
 *(.aes_cmac_sample_const)
                0x0602789c                crypto_end = .
                0x00001a00                crypto_size = (. - crypto_begin)
 *(.mem_code)
 *(.mem_const)
 *(.os_port_code)
 *(.os_port_const)
 *(.os_const)
 .os_const      0x0602789c       0x18 ..\..\..\..\cpu\br28\tools\sdk.elf.o
 *(.math_fast_funtion_code)
                0x060278b4                __movable_function_start = .
 *(movable.text.*)
 *(movable.stub.*)
 *(movable.region.*)
                0x060278b4                __movable_function_end = .
                0x00000000                __movable_function_size = (__movable_function_end - __movable_function_start)
                0x060278b4                system_text_end = .
                0x00005728                system_code_total_size = (system_text_end - system_text_start)
                0x060278b4                btctler_code_start = .
                0x060278b4                BTCTLER_CONTROLLER_CODE_START = .
 *(.bt_rf_const)
 .bt_rf_const   0x060278b4      0x5eb ..\..\..\..\cpu\br28\tools\sdk.elf.o
 *(.bt_rf_code)
 *fill*         0x06027e9f        0x1 
 .bt_rf_code    0x06027ea0     0x1d26 ..\..\..\..\cpu\br28\tools\sdk.elf.o
 *(.vendor_manager_const)
 *(.vendor_manager_code)
 *(.device_manager_const)
 *(.device_manager_code)
 *(.hci_controller_const)
 *fill*         0x06029bc6        0x2 
 .hci_controller_const
                0x06029bc8       0x28 ..\..\..\..\cpu\br28\tools\sdk.elf.o
 *(.hci_controller_code)
 .hci_controller_code
                0x06029bf0      0xc7a ..\..\..\..\cpu\br28\tools\sdk.elf.o
 *(.hci_interface_const)
 *(.hci_interface_code)
                0x00002fb6                BTCTLER_CONTROLLER_CODE_SIZE = ABSOLUTE ((. - BTCTLER_CONTROLLER_CODE_START))
                0x0602a86a                BTCTLER_LE_CONTROLLER_CODE_START = .
 *(.ble_rf_const)
 *fill*         0x0602a86a        0x2 
 .ble_rf_const  0x0602a86c       0x50 ..\..\..\..\cpu\br28\tools\sdk.elf.o
 *(.ble_rf_code)
 .ble_rf_code   0x0602a8bc     0x6756 ..\..\..\..\cpu\br28\tools\sdk.elf.o
 *(.ble_ll_const)
 *fill*         0x06031012        0x2 
 .ble_ll_const  0x06031014      0x148 ..\..\..\..\cpu\br28\tools\sdk.elf.o
 *(.ble_ll_code)
 .ble_ll_code   0x0603115c     0x5432 ..\..\..\..\cpu\br28\tools\sdk.elf.o
 *(.ble_hci_const)
 .ble_hci_const
                0x0603658e       0x19 ..\..\..\..\cpu\br28\tools\sdk.elf.o
 *(.ble_hci_code)
 *fill*         0x060365a7        0x1 
 .ble_hci_code  0x060365a8     0x13b6 ..\..\..\..\cpu\br28\tools\sdk.elf.o
                0x0000d0f4                BTCTLER_LE_CONTROLLER_CODE_SIZE = ABSOLUTE ((. - BTCTLER_LE_CONTROLLER_CODE_START))
                0x0603795e                BTCTLER_CL_CODE_START = .
 *(.bredr_irq)
 *(.bredr_irq_code)
 *(.bredr_irq_const)
 *(.classic_hci_const)
 *(.classic_hci_code)
 *(.classic_lmp_const)
 .classic_lmp_const
                0x0603795e       0x14 ..\..\..\..\cpu\br28\tools\sdk.elf.o
 *(.classic_lmp_auth_const)
 .classic_lmp_auth_const
                0x06037972      0x4f0 ..\..\..\..\cpu\br28\tools\sdk.elf.o
 *(.classic_lmp_bigint_const)
 *(.classic_lmp_crypt_const)
 *(.classic_lmp_ecdh_const)
 *(.classic_lmp_hmac_const)
 *(.classic_lmp_code)
 .classic_lmp_code
                0x06037e62     0x6afc ..\..\..\..\cpu\br28\tools\sdk.elf.o
 *(.classic_lmp_auth_code)
 .classic_lmp_auth_code
                0x0603e95e      0x6ca ..\..\..\..\cpu\br28\tools\sdk.elf.o
 *(.classic_lmp_bigint_code)
 *(.classic_lmp_crypt_code)
 *(.classic_lmp_ecdh_code)
 *(.classic_lmp_hmac_code)
 *(.classic_rf_const)
 .classic_rf_const
                0x0603f028      0x568 ..\..\..\..\cpu\br28\tools\sdk.elf.o
 *(.classic_rf_code)
 .classic_rf_code
                0x0603f590     0x52ca ..\..\..\..\cpu\br28\tools\sdk.elf.o
 *(.classic_bb_const)
 *(.classic_bb_code)
                0x0000cefc                BTCTLER_CL_CODE_SIZE = ABSOLUTE ((. - BTCTLER_CL_CODE_START))
 *(.classic_tws_const)
 *(.classic_tws_code)
 .classic_tws_code
                0x0604485a        0x4 ..\..\..\..\cpu\br28\tools\sdk.elf.o
 *(.classic_tws_code.esco)
 .classic_tws_code.esco
                0x0604485e       0x36 ..\..\..\..\cpu\br28\tools\sdk.elf.o
                0x06044894                . = ALIGN (0x4)
                0x06044894                driver_code_start = .
 *(.fm_code)
                0x06044894                CLOCK_CODE_START = .
 *(.clock_code)
 .clock_code    0x06044894      0xc8c ..\..\..\..\cpu\br28\tools\sdk.elf.o
                0x060454e4                boot_clk_init
 *(.clock_const)
 .clock_const   0x06045520       0x10 ..\..\..\..\cpu\br28\tools\sdk.elf.o
                0x00000c9c                CLOCK_CODE_SIZE = ABSOLUTE ((. - CLOCK_CODE_START))
 *(.debug_code)
 *(.debug_const)
 *(.power_code)
 *(.power_const)
 *(.uart_code)
 *(.uart_const)
                0x06045530                driver_code_end = .
                0x06045530                . = ALIGN (0x4)
                0x06045530                media_text_start = .
 *(.der_code)
 *(.der_const)
 *(.nlp_code)
 *(.nlp_const)
 *(.qmf_code)
 *(.qmf_const)
 *(.bt_audioplc_sparse_code)
 *(.bt_audioplc_code)
 *(.bt_audioplc_const)
 *(.lf_audioplc_code)
 *(.lf_audioplc_sparse_code)
 *(.lf_audioplc_const)
                0x06045530                . = ALIGN (0x4)
 *(.opcore_maskrom)
                0x06045530                . = ALIGN (0x4)
 *(.pcm_code)
 .pcm_code      0x06045530       0xa2 ..\..\..\..\cpu\br28\tools\sdk.elf.o
 *(.pcm_const)
 *(.fm_data_code)
 *(.g729_code)
 .g729_code     0x060455d2      0x200 ..\..\..\..\cpu\br28\tools\sdk.elf.o
 *(.g729_const)
 *(.g726_code)
 *(.g726_const)
 *(.wtg_dec_code)
 .wtg_dec_code  0x060457d2      0xe46 ..\..\..\..\cpu\br28\tools\sdk.elf.o
 *(.wtg_dec_const)
 .wtg_dec_const
                0x06046618     0x10b4 ..\..\..\..\cpu\br28\tools\sdk.elf.o
 *(.wtg_dec_sparse_code)
 .wtg_dec_sparse_code
                0x060476cc       0xe8 ..\..\..\..\cpu\br28\tools\sdk.elf.o
 *(.wtg_dec_sparse_const)
 *(.lib_wtg_dec_code)
 *(.lib_wtg_dec_const)
 *(.wtgv2_code)
 *(.wtgv2_const)
 *(.wtgv2dec_code)
 *(.wtgv2dec_const)
 *(.wtgv2dec_str)
 *(.wtg_decv2_sparse_code)
 *(.bfilt_code)
                0x060477b4                . = ALIGN (0x4)
 *(.mp3_decstream_const)
 *(.mp3_decstream_code)
 *(.mp3_decstream_sparse_code)
 *(.mp3_decstream_sparse_const)
 *(.mp3_dec_sparse_code)
 *(.mp3_dec_sparse_const)
 *(.mp3_dec_code)
 *(.mp3_dec_const)
 *(.mp3_const)
 *(.mp3_code)
 *(.msbc_code)
 .msbc_code     0x060477b4      0x5fc ..\..\..\..\cpu\br28\tools\sdk.elf.o
 *(.msbc_const)
 .msbc_const    0x06047db0       0x4e ..\..\..\..\cpu\br28\tools\sdk.elf.o
 *(.mty_code)
 *(.mty_const)
 *(.mp3tsy_dec_code)
 *(.mp3tsy_dec_const)
 *(.mp3tsy_dec_sparse_code)
 *(.mp3tsy_dec_sparse_const)
 *(.sbc_code)
 .sbc_code      0x06047dfe      0x4c4 ..\..\..\..\cpu\br28\tools\sdk.elf.o
 *(.sbc_const)
 *fill*         0x060482c2        0x2 
 .sbc_const     0x060482c4        0xc ..\..\..\..\cpu\br28\tools\sdk.elf.o
 *(.sine_code)
 *(.sine_const)
 *(.wav_dec_sparse_code)
 *(.wav_dec_sparse_const)
 *(.wav_dec_code)
 *(.wav_dec_const)
 *(.wav_const)
 *(.wav_code)
 *(.alac_const)
 *(.alac_code)
 *(.alac_dec_code)
 *(.wma_code)
 *(.wma_const)
 *(.wma_dec_code)
 *(.wma_dec_const)
 *(.wma_dec_sparse_code)
 *(.wma_dec_sparse_const)
 *(.wma_decstream_const)
 *(.wma_decstream_code)
 *(.wma_decstream_sparse_code)
 *(.wma_decstream_sparse_const)
 *(.aac_code)
 *(.aac_const)
 *(.amr_dec_sparse_code)
 *(.amr_dec_sparse_const)
 *(.amr_dec_code)
 *(.amr_dec_const)
 *(.amr_code)
 *(.amr_const)
 *(.midi_code)
 *(.midi_const)
 *(.lfwordnan_const)
 *(.lfwordana_const)
 *(.lfwordana_code)
 *(.lfwordana_sparse_code)
 *(.ape_dec_sparse_code)
 *(.ape_dec_sparse_const)
 *(.ape_dec_code)
 *(.ape_dec_const)
 *(.ape_code)
 *(.ape_const)
 *(.audio_decoder_code)
 .audio_decoder_code
                0x060482d0      0x80c ..\..\..\..\cpu\br28\tools\sdk.elf.o
 *(.audio_decoder_const)
 *(.cvsd_code)
 .cvsd_code     0x06048adc      0x31a ..\..\..\..\cpu\br28\tools\sdk.elf.o
 *(.cvsd_const)
 *(.dts_dec_ff_const)
 *(.dts_dec_sparse_code)
 *(.dts_dec_sparse_const)
 *(.dts_dec_code)
 *(.dts_dec_const)
 *(.dts_code)
 *(.dts_const)
 *(.flac_dec_sparse_code)
 *(.flac_dec_sparse_const)
 *(.flac_dec_code)
 *(.flac_dec_const)
 *(.flac_const)
 *(.flac_code)
 *(.m4a_dec_code)
 *(.m4a_dec_ff_const)
 *(.m4a_dec_const)
 *(.m4a_code)
 *(.m4a_const)
 *(.mp3_encode_code)
 *(.mp3_encode_const)
 *(.media_device_code)
 *(.media_device_const)
 *(.audio_encoder_code)
 *(.audio_encoder_const)
 *(.mixer_code)
 .mixer_code    0x06048df6      0xc50 ..\..\..\..\cpu\br28\tools\sdk.elf.o
 *(.mixer_const)
 *(.stream_code)
 .stream_code   0x06049a46      0x264 ..\..\..\..\cpu\br28\tools\sdk.elf.o
 *(.stream_const)
 *(.dec_server_code)
 *(.dec_server_const)
 *(.rec_server_code)
 *(.rec_server_const)
 *(.auto_mute_code)
 *(.auto_mute_const)
 *(.plc_code)
 *(.plc_const)
 *(.wireless_sync_code)
 *(.wireless_sync_const)
 *(.mp3_enc_code)
 *(.mp3_enc_const)
 *(.mp3_enc_sparse_code)
 *(.mp3_enc_sparse_const)
                0x06049cac                . = ALIGN (0x4)
 *fill*         0x06049caa        0x2 
 *(.mp2_encode_code)
 *(.mp2_encode_const)
 *(.mp2_encode_sparse_code)
 *(.mp2_encode_sparse_const)
                0x06049cac                . = ALIGN (0x4)
 *(.adpcm_encode_code)
 *(.adpcm_encode_const)
 *(.adpcm_encode_sparse_code)
 *(.adpcm_encode_sparse_const)
                0x06049cac                . = ALIGN (0x4)
 *(.m4a_dec_sparse_code)
 *(.m4a_dec_sparse_const)
 *(.aac_dec_sparse_code)
 *(.aac_dec_sparse_const)
 *(.bt_aac_dec_core_const)
 *(.bt_aac_dec_eng_const)
 *(.bt_aac_dec_eng_code)
 *(.bt_aac_dec_core_code)
 *(.bt_aac_dec_core_sparse_code)
 *(.res_sparse_code)
 *(.ns_sparse_code)
 *(.aec_sparse_code)
 *(.nlp_sparse_code)
 *(.der_sparse_code)
 *(.qmf_sparse_code)
 *(.sms_const)
 *(.sms_sparse_code)
 *(.sms_code)
 *(.resample_cal_code)
 *(.resample_cal_sparse_code)
 *(.resample_cal_const)
 *(.bt_compressor_sparse_const)
 *(.bt_compressor_sparse_code)
 *(.compressor_sparse_code)
 *(.compressor_sparse_const)
 *(.bt_limiter_sparse_const)
 *(.bt_limiter_sparse_code)
 *(.limiter_sparse_code)
 *(.limiter_sparse_const)
 *(.bt_crossOver_sparse_const)
 *(.bt_crossOver_sparse_code)
 *(.crossOver_sparse_code)
 *(.crossOver_sparse_const)
 *(.iap_code)
 .iap_code      0x06049cac      0x476 ..\..\..\..\cpu\br28\tools\sdk.elf.o
 *(.iap_const)
 .iap_const     0x0604a122       0x42 ..\..\..\..\cpu\br28\tools\sdk.elf.o
 *(.audio_bfilt_code)
 *(.audio_bfilt_const)
 *(.audio_buf_sync_code)
 .audio_buf_sync_code
                0x0604a164       0xf6 ..\..\..\..\cpu\br28\tools\sdk.elf.o
 *(.audio_buf_sync_const)
 *(.audio_dec_app_code)
 *(.audio_dec_app_const)
 *(.audio_dec_app_sync_code)
 *(.audio_dec_app_sync_const)
 *(.audio_dec_app_event_callback)
 *(.audio_dec_app_dec_run)
 *(.audio_dec_app_normal_run)
 *(.audio_dec_tone_event_callback)
 *(.audio_dig_vol_code)
 .audio_dig_vol_code
                0x0604a25a      0x190 ..\..\..\..\cpu\br28\tools\sdk.elf.o
 *(.audio_dig_vol_const)
 *(.audio_echo_reverb_code)
 *(.audio_echo_reverb_const)
 *(.echo_cal_code)
 *(.echo_cal_const)
 *(.platereverb_code)
 *(.platereverb_const)
 *(.reverb0_code)
 *(.reverb0_const)
 *(.reverb_cal_sparse_code)
 *(.audio_echo_src_code)
 *(.audio_echo_src_const)
 *(.audio_energy_detect_code)
 .audio_energy_detect_code
                0x0604a3ea      0x498 ..\..\..\..\cpu\br28\tools\sdk.elf.o
 *(.audio_energy_detect_const)
 *(.audio_eq_code)
 .audio_eq_code
                0x0604a882       0x32 ..\..\..\..\cpu\br28\tools\sdk.elf.o
 *(.audio_eq_const)
 *(.audio_drc_code)
 .audio_drc_code
                0x0604a8b4       0x48 ..\..\..\..\cpu\br28\tools\sdk.elf.o
 *(.audio_drc_const)
 *(.drc_const)
 *(.drc_code)
 *(.audio_eq_drc_apply_code)
 *(.audio_eq_drc_apply_const)
 *(.audio_equalloudness_code)
 *(.audio_equalloudness_const)
 *(.audio_howling_code)
 *(.audio_howling_const)
 *(.howlings_phf_sparse_code)
 *(.howlings_phf_code)
 *(.howlings_phf_const)
 *(.notchhowling_code)
 *(.notchhowling_const)
 *(.notchhowling_sparse_code)
 *(.notchhowling_sparse_const)
 *(.audio_noisegate_code)
 .audio_noisegate_code
                0x0604a8fc      0x326 ..\..\..\..\cpu\br28\tools\sdk.elf.o
 *(.audio_noisegate_const)
 *(.noisegate_code)
 *(.noisegate_const)
 *(.noisegate_sparse_code)
 *(.noisegate_sparse_const)
 *(.audio_output_dac_code)
 *(.audio_output_dac_const)
 *(.audio_pemafrow_code)
 *(.audio_pemafrow_const)
 *(.audio_pitch_code)
 .audio_pitch_code
                0x0604ac22        0xc ..\..\..\..\cpu\br28\tools\sdk.elf.o
 *(.audio_pitch_const)
 *(.audio_pitchspeed_code)
 *(.audio_pitchspeed_const)
 *(.audio_surround_code)
 *(.audio_surround_const)
 *(.audio_vbass_code)
 *(.audio_vbass_const)
 *(.audio_vocal_remove_code)
 *(.audio_vocal_remove_const)
 *(.audio_vocal_tract_synthesis_code)
 *(.audio_vocal_tract_synthesis_const)
 *(.eq_config_code)
 *(.eq_config_const)
 *(.eq_config_protocol_code)
 *(.eq_config_protocol_const)
 *(.spectrum_eq_code)
 *(.spectrum_eq_const)
 *(.spectrum_fft_code)
 *(.spectrum_fft_const)
 *(.audio_localtws_code)
 *(.audio_localtws_const)
 *(.audio_dec_localtws_code)
 *(.audio_dec_localtws_const)
 *(.audio_dec_a2dp_code)
 .audio_dec_a2dp_code
                0x0604ac2e       0x16 ..\..\..\..\cpu\br28\tools\sdk.elf.o
 *(.audio_dec_a2dp_const)
 *(.audio_dec_esco_code)
 .audio_dec_esco_code
                0x0604ac44      0x396 ..\..\..\..\cpu\br28\tools\sdk.elf.o
 *(.audio_dec_esco_const)
 *fill*         0x0604afda        0x2 
 .audio_dec_esco_const
                0x0604afdc       0x2c ..\..\..\..\cpu\br28\tools\sdk.elf.o
 *(.audio_dec_file_code)
 *(.audio_dec_file_const)
 *(.audio_dec_pcm_code)
 .audio_dec_pcm_code
                0x0604b008      0x14a ..\..\..\..\cpu\br28\tools\sdk.elf.o
 *(.audio_dec_pcm_const)
 *fill*         0x0604b152        0x2 
 .audio_dec_pcm_const
                0x0604b154       0x2c ..\..\..\..\cpu\br28\tools\sdk.elf.o
 *(.audio_resample_code)
 .audio_resample_code
                0x0604b180       0xec ..\..\..\..\cpu\br28\tools\sdk.elf.o
 *(.audio_resample_const)
 *(.audio_splicing_code)
 .audio_splicing_code
                0x0604b26c      0x5cc ..\..\..\..\cpu\br28\tools\sdk.elf.o
 *(.audio_splicing_const)
 *(.channel_switch_code)
 .channel_switch_code
                0x0604b838      0x268 ..\..\..\..\cpu\br28\tools\sdk.elf.o
 *(.channel_switch_const)
 *(.sw_drc_code)
 *(.sw_drc_const)
 *(.aptx_decoder_code)
 *(.aptx_decoder_const)
 *(.ldac_decoder_code)
 *(.ldac_decoder_const)
 *(.speex_encoder_code)
 *(.speex_encoder_const)
 *(.sbc_encoder_code)
 .sbc_encoder_code
                0x0604baa0      0x122 ..\..\..\..\cpu\br28\tools\sdk.elf.o
 *(.sbc_encoder_const)
 *(.sbc_eng_code)
 *(.sbc_eng_const)
 *(.opus_encoder_code)
 *(.opus_encoder_const)
 *(.prevent_task_fill_code)
 *(.prevent_task_fill_const)
 *(.audio_cfifo_code)
 .audio_cfifo_code
                0x0604bbc2       0xc2 ..\..\..\..\cpu\br28\tools\sdk.elf.o
 *(.audio_cfifo_const)
 *(.audio_track_code)
 .audio_track_code
                0x0604bc84       0xf8 ..\..\..\..\cpu\br28\tools\sdk.elf.o
 *(.audio_track_const)
 *(.audio_adc_code)
 .audio_adc_code
                0x0604bd7c      0x832 ..\..\..\..\cpu\br28\tools\sdk.elf.o
 *(.audio_adc_const)
 *(.audio_dac_code)
 *(.audio_dac_const)
 *(.audio_linein_code)
 *(.audio_linein_const)
 *(.audio_link_code)
 *(.audio_link_const)
 *(.audio_sample_sync_code)
 *(.audio_sample_sync_const)
 *(.audio_wireless_sync_code)
 .audio_wireless_sync_code
                0x0604c5ae      0x25c ..\..\..\..\cpu\br28\tools\sdk.elf.o
 *(.audio_wireless_sync_const)
 *(.audio_spdif_code)
 *(.audio_spdif_const)
 *(.audio_src_code)
 *(.audio_src_const)
 *(.audio_src_base_code)
 *(.audio_src_base_const)
 *(.effectrs_sync_code)
 *(.effectrs_sync_const)
 *(.eq_design_code)
 *(.eq_design_const)
 *(.hw_eq_code)
 *(.hw_eq_const)
 *(.iic_code)
 *(.iic_const)
 *(.mic_cap_code)
 *(.mic_cap_const)
 *(.sbc_hwaccel_code)
 *(.sbc_hwaccel_const)
                0x0604c80c                . = ALIGN (0x4)
 *fill*         0x0604c80a        0x2 
                0x0604c80c                _audio_decoder_begin = .
                0x0604c80c                PROVIDE (audio_decoder_begin, .)
 *(.audio_decoder)
 .audio_decoder
                0x0604c80c      0x198 ..\..\..\..\cpu\br28\tools\sdk.elf.o
                0x0604c80c                g729_decoder
                0x0604c850                pcm_decoder
                0x0604c894                sbc_decoder
                0x0604c8d8                jla_decoder
                0x0604c91c                msbc_decoder
                0x0604c960                cvsd_decoder
                0x0604c9a4                _audio_decoder_end = .
                0x0604c9a4                PROVIDE (audio_decoder_end, .)
                0x0604c9a4                _audio_encoder_begin = .
                0x0604c9a4                PROVIDE (audio_encoder_begin, .)
 *(.audio_encoder)
 .audio_encoder
                0x0604c9a4       0x60 ..\..\..\..\cpu\br28\tools\sdk.elf.o
                0x0604c9a4                cvsd_encoder
                0x0604c9c4                msbc_encoder
                0x0604c9e4                sbc_encoder
                0x0604ca04                _audio_encoder_end = .
                0x0604ca04                PROVIDE (audio_encoder_end, .)
                0x0604ca04                _audio_package_begin = .
                [!provide]                PROVIDE (audio_package_begin, .)
 *(.audio_package)
                0x0604ca04                _audio_package_end = .
                [!provide]                PROVIDE (audio_package_end, .)
                0x0604ca04                _audio_dev_begin = .
                [!provide]                PROVIDE (audio_dev_begin, .)
 *(.audio_device)
                0x0604ca04                _audio_dev_end = .
                [!provide]                PROVIDE (audio_dev_end, .)
                0x0604ca04                _audio_hwaccel_begin = .
                0x0604ca04                PROVIDE (audio_hwaccel_begin, .)
 *(.audio_hwaccel)
 .audio_hwaccel
                0x0604ca04       0x24 ..\..\..\..\cpu\br28\tools\sdk.elf.o
                0x0604ca04                sbc_hwaccel
                0x0604ca28                _audio_hwaccel_end = .
                0x0604ca28                PROVIDE (audio_hwaccel_end, .)
                0x0604ca28                _sound_platform_driver_begin = .
                0x0604ca28                PROVIDE (sound_platform_driver_begin, .)
 *(.sound_platform_driver)
 .sound_platform_driver
                0x0604ca28       0x14 ..\..\..\..\cpu\br28\tools\sdk.elf.o
                0x0604ca28                audio_dac_driver
                0x0604ca3c                _sound_platform_driver_end = .
                0x0604ca3c                PROVIDE (sound_platform_driver_end, .)
                0x0604ca3c                . = ALIGN (0x4)
                0x0604ca3c                media_code_begin = .
 *(.media.*.text)
 .media.audio_libutils.text
                0x0604ca3c       0x26 ..\..\..\..\cpu\br28\tools\sdk.elf.o
 .media.sound_lib.text
                0x0604ca62      0x3ec ..\..\..\..\cpu\br28\tools\sdk.elf.o
 .media.media_cpu.text
                0x0604ce4e     0x1892 ..\..\..\..\cpu\br28\tools\sdk.elf.o
 .media.audio_stream.text
                0x0604e6e0       0x22 ..\..\..\..\cpu\br28\tools\sdk.elf.o
 .media.mixer.text
                0x0604e702       0x30 ..\..\..\..\cpu\br28\tools\sdk.elf.o
 .media.audio_decoder.text
                0x0604e732       0x66 ..\..\..\..\cpu\br28\tools\sdk.elf.o
 .media.audio_encoder.text
                0x0604e798     0x1838 ..\..\..\..\cpu\br28\tools\sdk.elf.o
 .media.audio_splicing.text
                0x0604ffd0        0x6 ..\..\..\..\cpu\br28\tools\sdk.elf.o
 .media.bluetooth_audio.text
                0x0604ffd6       0x1a ..\..\..\..\cpu\br28\tools\sdk.elf.o
 .media.audio_common.text
                0x0604fff0       0x14 ..\..\..\..\cpu\br28\tools\sdk.elf.o
 .media.effects.text
                0x06050004       0x3e ..\..\..\..\cpu\br28\tools\sdk.elf.o
 .media.sound_cpu.text
                0x06050042      0xa22 ..\..\..\..\cpu\br28\tools\sdk.elf.o
                0x06050a64                . = ALIGN (0x4)
 *(.crossOver_code)
 *(.crossOver_const)
 *(.bt_crossOver_const)
 *(.bt_crossOver_code)
                0x06050a64                . = ALIGN (0x4)
 *(.compressor_code)
 *(.compressor_const)
 *(.bt_compressor_const)
 *(.bt_compressor_code)
                0x06050a64                . = ALIGN (0x4)
 *(.limiter_code)
 *(.limiter_const)
 *(.bt_limiter_const)
 *(.bt_limiter_code)
 *(.drc_sparse_code)
 *(.drc_sparse_const)
 *(.jla_decoder_const)
 *(.jla_decoder_code)
 .jla_decoder_code
                0x06050a64      0x340 ..\..\..\..\cpu\br28\tools\sdk.elf.o
 *(.jla_dec_const)
 *(.jla_dec_code)
 *(.jla_codec_c_sparse_code)
 .jla_codec_c_sparse_code
                0x06050da4      0x38c ..\..\..\..\cpu\br28\tools\sdk.elf.o
                0x06051130                . = ALIGN (0x4)
 *(.lib_pitchshift_code)
 *(.lib_pitchshift_const)
                0x06051130                . = ALIGN (0x4)
 *(.sur_cal_const)
 *(.sur_cal_code)
                0x06051130                . = ALIGN (0x4)
 *(.reverb_cal_sparse_code)
                0x06051130                . = ALIGN (0x4)
 *(.dvol_ram_code)
 .dvol_ram_code
                0x06051130       0xf0 ..\..\..\..\cpu\br28\tools\sdk.elf.o
                0x06051220                . = ALIGN (0x4)
 *(.reverb_cal_const)
                0x06051220                . = ALIGN (0x4)
 *(.reverb_cal_code)
                0x06051220                . = ALIGN (0x4)
 *(.stream_code_nor_run)
 .stream_code_nor_run
                0x06051220      0x2e4 ..\..\..\..\cpu\br28\tools\sdk.elf.o
 *(.mixer_code_nor_run)
 *(.audio_codec_code)
 .audio_codec_code
                0x06051504      0x2d6 ..\..\..\..\cpu\br28\tools\sdk.elf.o
 *(.audio_codec_code_read_file)
 .audio_codec_code_read_file
                0x060517da       0x58 ..\..\..\..\cpu\br28\tools\sdk.elf.o
 *(.audio_src_code_nor_run)
 *(.src_base_code_nor_run)
 *(.audio_dac_code_nor_run)
 *(.audio_cfifo_code_nor_run)
 .audio_cfifo_code_nor_run
                0x06051832      0x33e ..\..\..\..\cpu\br28\tools\sdk.elf.o
 *(.stream_code_copy_run)
 *(.mixer_code_out_run)
 *(.audio_codec_code_frame_file)
 .audio_codec_code_frame_file
                0x06051b70       0x6c ..\..\..\..\cpu\br28\tools\sdk.elf.o
 *(.buf_sync_code_nor_run)
 .buf_sync_code_nor_run
                0x06051bdc       0xb4 ..\..\..\..\cpu\br28\tools\sdk.elf.o
 *(.resample_fastcal_const)
 *(.resample_fastcal_code)
 *(.resample_fastcal_sparse_code)
 *(.dynamic_eq_code)
 *(.dynamic_eq_const)
 *(.dynamic_eq_detect_code)
 *(.dynamic_eq_detect_const)
 *(.dynamic_eq_sparse_code)
 *(.dynamic_eq_sparse_const)
 *(.dynamic_eq_detect_sparse_code)
 *(.dynamic_eq_detect_sparse_const)
 *(.audio_mic_effect_const)
 *(.audio_mic_effect_code)
 *(.audio_mic_stream_const)
 *(.audio_mic_stream_code)
 *(.audio_effect_adj_const)
 .audio_effect_adj_const
                0x06051c90      0x162 ..\..\..\..\cpu\br28\tools\sdk.elf.o
 *(.audio_effect_adj_code)
 .audio_effect_adj_code
                0x06051df2      0x716 ..\..\..\..\cpu\br28\tools\sdk.elf.o
 *(.pitchshifter_code)
 *(.pitchshifter_const)
 *(.pitchshifter_sparse_code)
 *(.vbss_code)
 *(.vbss_sparse_code)
 *(.vbss_sparse_const)
 *(.specshow_code)
 *(.specshow_const)
 *(.specshow_sparse_code)
 *(.specshow_sparse_const)
 *(.media.audio*)
 *(.media.mixer*)
 *(.media.media*)
                0x06052508                audio_sync_code_begin = .
 *(.audio_sync_code)
                0x06052508                audio_sync_code_end = .
                0x06052508                . = ALIGN (0x4)
                0x06052508                media_code_end = .
                0x06052508                . = ALIGN (0x4)
                0x00005acc                media_code_size = (media_code_end - media_code_begin)
                0x06052508                . = ALIGN (0x4)
                0x06052508                media_text_end = .
                0x0000cfd8                media_code_total_size = (media_text_end - media_text_start)
 *(.bark_const)
                0x06052508                . = ALIGN (0x4)
 *(.jlsp_code)
                0x06052508                . = ALIGN (0x4)
 *(.jlsp_const)
                0x06052508                . = ALIGN (0x4)
 *(.llns.text)
                0x06052508                . = ALIGN (0x4)
 *(.llns.text.const)
                0x06052508                . = ALIGN (0x4)
 *(.dns_16k_data)
                0x06052508                . = ALIGN (0x4)
 *(.dns_8k_data)
                0x00100000                . = ORIGIN (ram0)

.mmu_tlb        0x00100000     0x5000
 *(.mmu_tlb_segment)
 .mmu_tlb_segment
                0x00100000     0x5000 ..\..\..\..\cpu\br28\tools\sdk.elf.o

.boot_info      0x00105000       0x40
 *(.boot_info)
 .boot_info     0x00105000       0x28 ..\..\..\..\cpu\br28\tools\sdk.elf.o
                0x00105040                . = ALIGN (0x20)
 *fill*         0x00105028       0x18 

.irq_stack      0x00105040     0x2000
                0x00105040                _cpu0_sstack_begin = .
 *(.cpu0_stack)
 .cpu0_stack    0x00105040     0x1000 ../../../../cpu/br28/liba/cpu.a(startup.S.o)
                0x00106040                _cpu0_stack
                0x00106040                _cpu0_sstack_end = .
                0x00106040                . = ALIGN (0x4)
                0x00106040                _cpu1_sstack_begin = .
 *(.cpu1_stack)
 .cpu1_stack    0x00106040     0x1000 ../../../../cpu/br28/liba/cpu.a(startup.S.o)
                0x00107040                _cpu1_stack
                0x00107040                _cpu1_sstack_end = .
                0x00107040                . = ALIGN (0x4)

.data           0x00107040     0x522c
                0x00107040                . = ALIGN (0x4)
 *(.data_magic)
 .data_magic    0x00107040       0x40 ..\..\..\..\cpu\br28\tools\sdk.elf.o
                0x00107040                data_magic
                0x00107080                . = ALIGN (0x4)
 *(.data*)
 .data          0x00107080      0x4bc ..\..\..\..\cpu\br28\tools\sdk.elf.o
                0x0010753c                . = ALIGN (0x4)
                0x0010753c                update_data_start = .
                0x0010753c                update_data_end = .
                0x0010753c                btstack_data_start = .
 *(.bt_stack_data)
 .bt_stack_data
                0x0010753c       0xa4 ..\..\..\..\cpu\br28\tools\sdk.elf.o
 *(.ble_db_data)
 *(.ble_sm_data)
 .ble_sm_data   0x001075e0        0x4 ..\..\..\..\cpu\br28\tools\sdk.elf.o
 *(.ble_att_data)
 *(.ble_gatt_data)
                0x001075e4                BTSTACK_LE_HOST_MESH_DATA_START = .
                0x001075e4                . = ((. + 0x3) & 0xfffffffc)
                0x001075e4                _net_buf_pool_list = .
 *(._net_buf_pool.static.*)
 *(.ble_mesh_data)
 *(.ble_mesh_tinycrypt_data)
                0x00000000                BTSTACK_LE_HOST_MESH_DATA_SIZE = ABSOLUTE ((. - BTSTACK_LE_HOST_MESH_DATA_START))
                0x001075e4                btstack_data_end = .
                0x001075e4                . = ALIGN (0x4)
                0x001075e4                system_data_start = .
                0x001075e4                _video_subdev_begin = .
                [!provide]                PROVIDE (video_subdev_begin, .)
 *(.video_subdev.0)
 *(.video_subdev.1)
 *(.video_subdev.2)
 *(.video_subdev.3)
 *(.video_subdev.4)
 *(.video_subdev.5)
                0x001075e4                _video_subdev_end = .
                [!provide]                PROVIDE (video_subdev_end, .)
                0x001075e4                _audio_subdev_begin = .
                [!provide]                PROVIDE (audio_subdev_begin, .)
 *(.audio_subdev.0)
 *(.audio_subdev.1)
 *(.audio_subdev.2)
 *(.audio_subdev.3)
                0x001075e4                _audio_subdev_end = .
                [!provide]                PROVIDE (audio_subdev_end, .)
                0x001075e4                _iic_device_begin = .
                [!provide]                PROVIDE (iic_device_begin, .)
 *(.iic)
                0x001075e4                _iic_device_end = .
                [!provide]                PROVIDE (iic_device_end, .)
                0x001075e4                _avin_spi_device_begin = .
                [!provide]                PROVIDE (avin_spi_device_begin, .)
 *(.sw_spi)
                0x001075e4                _avin_spi_device_end = .
                [!provide]                PROVIDE (avin_spi_device_end, .)
                0x001075e4                _video_dev_begin = .
                [!provide]                PROVIDE (video_dev_begin, .)
 *(.video_device)
                0x001075e4                _video_dev_end = .
                [!provide]                PROVIDE (video_dev_end, .)
                0x001075e4                _key_driver_ops_begin = .
                [!provide]                PROVIDE (key_driver_ops_begin, .)
 *(.key_driver_ops)
                0x001075e4                _key_driver_ops_end = .
                [!provide]                PROVIDE (key_driver_ops_end, .)
                0x001075e4                _touch_driver_begin = .
                [!provide]                PROVIDE (touch_driver_begin, .)
 *(.touch_driver)
                0x001075e4                _touch_driver_end = .
                [!provide]                PROVIDE (touch_driver_end, .)
                0x001075e4                _static_hi_timer_begin = .
                [!provide]                PROVIDE (static_hi_timer_begin, .)
 *(.hi_timer)
                0x001075e4                _static_hi_timer_end = .
                [!provide]                PROVIDE (static_hi_timer_end, .)
                0x001075e4                _sys_cpu_timer_begin = .
                0x001075e4                PROVIDE (sys_cpu_timer_begin, .)
 *(.sys_cpu_timer)
                0x001075e4                _sys_cpu_timer_end = .
                0x001075e4                PROVIDE (sys_cpu_timer_end, .)
                0x001075e4                _sys_config_begin = .
                [!provide]                PROVIDE (sys_config_begin, .)
 *(.sys_cfg)
                0x001075e4                _sys_config_end = .
                [!provide]                PROVIDE (sys_config_end, .)
                0x001075e4                _sys_fat_begin = .
                [!provide]                PROVIDE (sys_fat_begin, .)
 *(.fs_fat)
                0x001075e4                _sys_fat_end = .
                [!provide]                PROVIDE (sys_fat_end, .)
                0x001075e4                _app_begin = .
                0x001075e4                PROVIDE (app_begin, .)
 *(.app)
                0x001075e4                _app_end = .
                0x001075e4                PROVIDE (app_end, .)
 *(.crypto_ecdh_data)
 *(.crypto_data)
 *(.mem_data)
 *(.os_port_data)
 *(.os_str)
 .os_str        0x001075e4       0x18 ..\..\..\..\cpu\br28\tools\sdk.elf.o
 *(.os_data)
 .os_data       0x001075fc       0x18 ..\..\..\..\cpu\br28\tools\sdk.elf.o
 *(.uECC_data)
 *(.ECDH_sample_data)
                0x00107614                __movable_slot_start = .
 *(movable.slot.*)
                0x00107614                __movable_slot_end = .
                0x00107614                system_data_end = .
                0x00107614                btctler_data_start = .
                0x00107614                BTCTLER_CONTROLLER_DATA_START = .
 *(.bt_rf_data)
 .bt_rf_data    0x00107614       0x44 ..\..\..\..\cpu\br28\tools\sdk.elf.o
 *(.vendor_manager_data)
 *(.device_manager_data)
 *(.hci_controller_data)
 .hci_controller_data
                0x00107658       0xbe ..\..\..\..\cpu\br28\tools\sdk.elf.o
 *(.hci_interface_data)
                0x00000102                BTCTLER_CONTROLLER_DATA_SIZE = ABSOLUTE ((. - BTCTLER_CONTROLLER_DATA_START))
                0x00107716                BTCTLER_LE_CONTROLLER_DATA_START = .
 *(.ble_ll_data)
 *fill*         0x00107716        0x2 
 .ble_ll_data   0x00107718       0x1c ..\..\..\..\cpu\br28\tools\sdk.elf.o
 *(.ble_hci_data)
 .ble_hci_data  0x00107734       0xad ..\..\..\..\cpu\br28\tools\sdk.elf.o
 *(.ble_rf_data)
 *fill*         0x001077e1        0x3 
 .ble_rf_data   0x001077e4        0xd ..\..\..\..\cpu\br28\tools\sdk.elf.o
                0x000000db                BTCTLER_LE_CONTROLLER_DATA_SIZE = ABSOLUTE ((. - BTCTLER_LE_CONTROLLER_DATA_START))
                0x001077f1                BTCTLER_CL_DATA_START = .
 *(.classic_hci_data)
 *(.classic_lmp_data)
 *fill*         0x001077f1        0x3 
 .classic_lmp_data
                0x001077f4       0xc8 ..\..\..\..\cpu\br28\tools\sdk.elf.o
 *(.classic_lmp_auth_data)
 *(.classic_lmp_bigint_data)
 *(.classic_lmp_crypt_data)
 *(.classic_lmp_ecdh_data)
 *(.classic_lmp_linkbulk_data)
 *(.classic_lmp_hmac_data)
 *(.classic_rf_data)
 .classic_rf_data
                0x001078bc       0x30 ..\..\..\..\cpu\br28\tools\sdk.elf.o
 *(.classic_bb_data)